
 Start  Stop   Length Name                   Class
 00000H 01CC9H 01CCAH SHARE                  SHARE
 01CD0H 01CD2H 00003H START                  START
 01CD4H 02085H 003B2H CONSTANTS              CONST
 02086H 029E1H 0095CH DATA                   DATA
 029E2H 02CFCH 0031BH TABLE                  TABLE
 02CFDH 02D56H 0005AH CODE                   CODE
 02D60H 0322FH 004D0H LAST                   LAST
 03230H 033C5H 00196H STACK                  

 Origin   Group
 01CD:0   DOSGROUP

  Address         Publics by Name

 01CD:103A       $dup_pdb
 0000:1497       $M_CLS_1
 0000:1214       $M_GET_MSG_ADDRESS
 0000:14C3       $M_MSGSERV_1
 0000:1534       $M_MSGSERV_2
 0000:0D9E       $M_RT
 01CD:103E       $SETDPB
 01CD:1038       $STD_CON_INPUT_NO_ECHO
 01CD:1037       $STD_CON_STRING_INPUT_NO_ECHO
 01CD:104F       ABSDRD
 01CD:104B       ABSDWRT
 01CD:0AAA       ACT_PAGE
 01CD:0302       AllocMethod
 01CD:034B       ALLOWED
 01CD:0024       Arena_Head
 0000:02AB       ASC
 01CD:056B       ATTRIB
 01CD:07A0       AuxStack
 01CD:1044       BACKSP
 01CD:104C       BADCALL
 01CD:002E       BCLOCK
 01CD:0032       BCON
 0000:030C       BCS
 01CD:0342       BestArena
 01CD:0069       BOOTDRIVE
 01CD:0065       BUFFERS_PARM1
 01CD:0067       BUFFERS_PARM2
 01CD:0038       BUFFHEAD
 01CD:007E       BUF_EMS_FIRST_PAGE
 01CD:0085       BUF_EMS_HANDLE
 01CD:007A       BUF_EMS_LAST_PAGE
 01CD:008F       BUF_EMS_MAP_BUFF
 01CD:0084       BUF_EMS_MODE
 01CD:0082       BUF_EMS_NPA640
 01CD:0087       BUF_EMS_PAGE_FRAME
 01CD:008B       BUF_EMS_PFRAME
 01CD:008D       BUF_EMS_RESERV
 01CD:0079       BUF_EMS_SAFE_FLAG
 01CD:0089       BUF_EMS_SEG_CNT
 01CD:0071       BUF_HASH_COUNT
 01CD:006D       BUF_HASH_PTR
 01CD:000C       BugLev
 01CD:000A       BugTyp
 01CD:05D2       BYTCNT1
 01CD:05D4       BYTCNT2
 01CD:05CE       BytPos
 01CD:05CC       BYTSECPOS
 01CD:061F       Callback_flag
 01CD:061D       Callback_SP
 01CD:061B       Callback_SS
 01CD:036C       CallBPB
 01CD:0378       CALLDEVAD
 01CD:0367       CALLMED
 01CD:0374       CALLNEWSC
 01CD:0368       CALLRBYT
 01CD:036C       CALLSCNT
 01CD:036E       CALLSSEC
 01CD:0367       CALLUNIT
 01CD:0369       CALLVIDM
 01CD:0370       CALLVIDRW
 01CD:0368       CALLXAD
 01CD:103F       CALL_ENTRY
 0000:095E       Call_IFS
 01CD:1001       CANCHAR
 01CD:01F9       CARPOS
 01CD:003C       CDSADDR
 01CD:0047       CDSCOUNT
 01CD:0300       CharCo
 0000:01F3       Chk_Block
 01CD:0301       chSwitch
 0000:01BD       CLP
 0000:0178       Clr_Block
 0000:012F       Clr_List
 0000:0106       clr_mult_block
 01CD:0577       CLUSFAC
 01CD:05BC       CLUSNUM
 01CD:058E       CLUSSAVE
 01CD:0590       CLUSSEC
 01CD:0578       CLUSSPLIT
 01CD:057A       cMeta
 01CD:0337       CNTCFLAG
 01CD:1053       COMMAND
 01CD:027B       CONBUF
 01CD:0332       ConC_spsave
 01CD:05E6       CONSft
 01CD:03B1       CONST001E
 01CD:00CC       CONST001S
 01CD:0357       CONSWAP
 01CD:0022       CONTPOS
 01CD:0588       CONTSTK
 01CD:1041       COPYLIN
 01CD:103D       COPYONE
 01CD:1051       COPYSTR
 01CD:0D12       COUNTRY_CDPG
 0000:0741       CPJ
 0000:06DC       cps
 01CD:0338       CPSWFLAG
 01CD:0339       CPSWSAVE
 01CD:03A8       CreatePDB
 01CD:057E       CREATING
 01CD:0315       CritPatch
 0000:0441       CSI
 0000:0388       CSL
 01CD:1047       CTRLZ
 0000:03ED       CUC
 0000:03CF       CUCA
 01CD:05E2       CURBUF
 01CD:0336       CURDRV
 01CD:0330       CurrentPDB
 01CD:05B6       CURR_DIR_END
 01CD:0004       DataVersion
 01CD:0350       DAY
 01CD:0354       DAYCNT
 01CD:0FD6       DBCS_TAB
 01CD:006A       DDMOVE
 01CD:057F       DELALL
 01CD:0564       DESTSTART
 01CD:035A       DEVCALL
 01CD:054B       DevFCB
 01CD:03BC       DEVIOBUF
 01CD:1055       DEVIOCALL2
 01CD:059A       DEVPT
 01CD:034D       DidCTRLC
 01CD:0304       DIFFNAM
 01CD:05BE       DIRSEC
 01CD:05C2       DIRSTART
 01CD:060B       DISK_FULL
 01CD:0FFD       DIVM001E
 01CD:0FE8       DIVM001S
 01CD:0FE8       DIVMES
 01CD:0FFB       DivMesLen
 01CD:1045       DIVOV
 01CD:032C       DMAADD
 01CD:03B6       DMES001E
 01CD:03B2       DMES001S
 01CD:0D12       DMES002S
 01CD:0611       DOS34_FLAG
 01CD:1091       DOSINIT
 01CD:0026       DPBHEAD
 01CD:0610       DrvErr
 01CD:039F       DSKCHRET
 01CD:0920       DskStack
 01CD:0392       DSKSTCALL
 01CD:03A4       DSKSTCNT
 01CD:0394       DSKSTCOM
 01CD:0395       DSKSTST
 01CD:04F3       DummyCDS
 01CD:1052       ECRITDEVICE
 01CD:1040       ECRITDISK
 0000:0A64       EcritShare
 01CD:0346       EndMem
 01CD:1054       ENTERINS
 01CD:05D8       ENTFREE
 01CD:05DA       ENTLAST
 01CD:0320       ErrorMode
 01CD:1002       ESCCHAR
 01CD:0580       EXITHOLD
 01CD:1048       EXITINS
 01CD:0334       exit_code
 01CD:057C       exit_type
 01CD:0324       EXTERR
 01CD:0328       EXTERRPT
 01CD:0326       EXTERR_ACTION
 01CD:0327       EXTERR_CLASS
 01CD:0323       EXTERR_LOCUS
 01CD:056C       EXTFCB
 01CD:05F4       EXTOPEN_FLAG
 01CD:05F7       EXTOPEN_IO_MODE
 01CD:05F6       EXTOPEN_ON
 01CD:006B       EXT_MEM_SIZE
 01CD:0359       fAborting
 01CD:034A       FAILERR
 01CD:1056       FASTOPENTABLE
 01CD:0596       FATBYT
 01CD:0598       FATBYTE
 01CD:0010       FCBLRU
 01CD:1059       FETCHI_TAG
 01CD:0EA4       FILE_CHAR_TAB
 01CD:0E22       FILE_UCASE_TAB
 01CD:0340       FirstArena
 0000:0488       fnm
 01CD:056F       FoundDel
 01CD:0570       Found_dev
 0000:0000       FreLock
 01CD:0AA3       FSeek_drive
 01CD:0AA4       FSeek_firclus
 01CD:0AA6       FSeek_logclus
 01CD:0AA8       FSeek_logsave
 01CD:0303       fshare
 01CD:0572       fSharing
 01CD:0571       fSplice
 0000:054C       GCM
 01CD:103C       GETCH
 0000:0CF8       Get_DOS_Error
 0000:045F       GOM
 01CD:05DE       GROWCNT
 01CD:006D       HASHINITVAR
 01CD:1031       Hash_Temp
 01CD:1057       HEADER
 01CD:0607       HIGH_SECTOR
 01CD:0609       HIGH_SECTOR_TEMP
 01CD:0AA0       IBMPATCH
 01CD:0358       IDLEINT
 01CD:105A       IFS_DOSCALL
 01CD:005D       IFS_DOS_CALL
 01CD:0061       IFS_HEADER
 01CD:01FB       INBUF
 01CD:0321       INDOS
 0000:0AE8       Init
 01CD:0579       INSMODE
 01CD:1039       INT2F
 0000:0966       interr
 01CD:104E       INULDEV
 01CD:037C       IOCall
 01CD:0389       IOMED
 01CD:0389       IORCHR
 01CD:038E       IOSCNT
 01CD:0390       IOSSEC
 01CD:0AA0       IOStack
 01CD:038A       IOXAD
 01CD:102D       IRETT
 01CD:05AC       JFN
 01CD:0090       JShare
 01CD:0044       KeepCount
 01CD:105B       KILNEW
 01CD:0344       LastArena
 01CD:001E       LastBuffer
 01CD:0348       LASTENT
 01CD:05BA       LASTPOS
 01CD:1033       LCRITDEVICE
 01CD:1042       LCRITDISK
 0000:0A6C       LcritShare
 01CD:0018       LeaveAddr
 01CD:103B       LEAVEDOS
 0000:00EE       Load_Regs
 01CD:03A9       Lock_Buffer
 01CD:1061       MAP_CASE
 01CD:0036       MAXSEC
 01CD:155C       MEMSTRT
 0000:0A74       MFT
 0000:0081       MFTcloN
 0000:0029       MFTclose
 0000:0069       MFTcloseP
 0000:0055       MFTclU
 0000:0006       mft_enter
 0000:0237       MFT_get
 01CD:0351       MONTH
 0000:05D5       MRG
 01CD:00CC       MSCT001E
 01CD:0004       MSCT001S
 01CD:0D11       MSDAT001E
 01CD:03B6       MSDAT001S
 01CD:04CA       MSINI001E
 01CD:03B6       MSINI001S
 01CD:155C       MSINI002E
 01CD:13AF       MSINI002S
 01CD:0305       MYNAME
 01CD:000E       MYNUM
 01CD:054B       NAME1
 01CD:0557       NAME2
 0000:0923       New_Sft
 01CD:05B8       NEXTADD
 01CD:0FFE       NLS_NO
 01CD:1000       NLS_no2
 01CD:0FFD       NLS_YES
 01CD:0FFF       NLS_yes2
 01CD:034C       NoSetDir
 01CD:0617       NO_FILTER_DPATH
 01CD:0613       NO_FILTER_PATH
 01CD:05F2       NSP
 01CD:05F0       NSS
 01CD:0048       NULDEV
 01CD:0046       NUMIO
 01CD:05DC       NXTCLUSNUM
 01CD:1073       OEMFunctionKey
 01CD:03B5       OEMNum
 01CD:0014       OEM_HANDLER
 0000:06C5       ofl
 01CD:1049       OKCALL
 01CD:03BE       OpenBuf
 01CD:0012       OpenLRU
 01CD:056E       open_access
 01CD:105C       PACKET_TEMP
 01CD:02FE       PFLAG
 01CD:05AE       pJFN
 01CD:0594       PREREAD
 01CD:0AA0       PRINTER_FLAG
 01CD:033C       Proc_ID
 01CD:1043       QUIT
 01CD:0575       READOP
 01CD:104D       REEDIT
 01CD:0620       RENAMEDMA
 01CD:043E       RenBuf
 01CD:05B4       REN_WFP
 01CD:05EE       restore_tmp
 01CD:001A       RetryCount
 01CD:001C       RetryLoop
 0000:059F       rmn
 0000:05F8       rsc
 01CD:056D       SATTRIB
 01CD:05EA       SaveBX
 01CD:05EC       SaveDS
 01CD:0601       SAVE_BX
 01CD:05FF       SAVE_CX
 01CD:05F9       SAVE_DI
 01CD:0605       SAVE_DS
 01CD:05FD       SAVE_DX
 01CD:05FB       SAVE_ES
 01CD:0603       SAVE_SI
 01CD:0077       SC_CACHE_COUNT
 01CD:0073       SC_CACHE_PTR
 01CD:04BE       SEARCHBUF
 01CD:0573       SECCLUSPOS
 01CD:05D6       SECCNT
 01CD:05C4       SECPOS
 0000:0002       Serial
 01CD:1034       SETMEM
 0000:0136       Set_Block
 0000:00C9       Set_Mult_Block
 0000:0759       SFM
 01CD:05AA       SFN
 01CD:00CC       sfTabl
 01CD:0040       sftFCB
 01CD:002A       SFT_addr
 0000:0BE6       SHAREINIT
 0000:075E       ShChk
 0000:0816       ShCloseFile
 0000:0791       ShCol
 0000:0D09       ShComndParse
 0000:0C9F       ShDispMsg
 0000:0C7E       ShLoadMsg
 0000:0776       ShSave
 0000:0884       ShSU
 01CD:1035       SKIPONE
 01CD:104A       SKIPSTR
 0000:099F       skip_check
 0000:0653       sle
 01CD:1050       SNULDEV
 01CD:034E       SpaceFlag
 01CD:005B       Special_Entries
 01CD:005A       Splices
 01CD:01FA       STARTPOS
 01CD:1046       STAY_RESIDENT
 01CD:033A       Swap_Always
 01CD:105E       swap_always_area
 01CD:105F       swap_always_area_len
 01CD:102F       SWAP_AREA_LEN
 01CD:0AAC       SWAP_END
 01CD:1060       swap_in_dos
 01CD:105D       Swap_in_DOS_Len
 01CD:0320       SWAP_START
 01CD:1090       SYSBUF
 0000:0F69       SYSDISPMSG
 01CD:1058       SYSINITTABLE
 01CD:0026       SYSINITVAR
 0000:0E5C       SYSLOADMSG
 0000:15E0       SYSPARSE
 01CD:060C       TEMP_VAR
 01CD:060E       TEMP_VAR2
 01CD:05A2       THISCDS
 01CD:058A       THISDPB
 01CD:0576       THISDRV
 01CD:05A6       THISFCB
 01CD:059E       ThisSFT
 01CD:03B6       TIMEBUF
 01CD:0574       TRANS
 01CD:1036       TWOESC
 01CD:0DA0       UCASE_TAB
 01CD:03B2       UserNum
 01CD:033E       User_ID
 01CD:033A       user_in_ax
 01CD:0584       user_SP
 01CD:0586       user_SS
 01CD:05C8       VALSEC
 01CD:02FF       VERFLG
 01CD:0AA2       VIRTUAL_OPEN
 01CD:0AA1       VOLCHNG_FLAG
 01CD:057B       VOLID
 01CD:0356       WEEKDAY
 01CD:05B2       WFP_START
 01CD:0322       WPErr
 01CD:0557       XXX
 01CD:0352       YEAR

  Address         Publics by Value

 0000:0000       FreLock
 0000:0002       Serial
 0000:0006       mft_enter
 0000:0029       MFTclose
 0000:0055       MFTclU
 0000:0069       MFTcloseP
 0000:0081       MFTcloN
 0000:00C9       Set_Mult_Block
 0000:00EE       Load_Regs
 0000:0106       clr_mult_block
 0000:012F       Clr_List
 0000:0136       Set_Block
 0000:0178       Clr_Block
 0000:01BD       CLP
 0000:01F3       Chk_Block
 0000:0237       MFT_get
 0000:02AB       ASC
 0000:030C       BCS
 0000:0388       CSL
 0000:03CF       CUCA
 0000:03ED       CUC
 0000:0441       CSI
 0000:045F       GOM
 0000:0488       fnm
 0000:054C       GCM
 0000:059F       rmn
 0000:05D5       MRG
 0000:05F8       rsc
 0000:0653       sle
 0000:06C5       ofl
 0000:06DC       cps
 0000:0741       CPJ
 0000:0759       SFM
 0000:075E       ShChk
 0000:0776       ShSave
 0000:0791       ShCol
 0000:0816       ShCloseFile
 0000:0884       ShSU
 0000:0923       New_Sft
 0000:095E       Call_IFS
 0000:0966       interr
 0000:099F       skip_check
 0000:0A64       EcritShare
 0000:0A6C       LcritShare
 0000:0A74       MFT
 0000:0AE8       Init
 0000:0BE6       SHAREINIT
 0000:0C7E       ShLoadMsg
 0000:0C9F       ShDispMsg
 0000:0CF8       Get_DOS_Error
 0000:0D09       ShComndParse
 0000:0D9E       $M_RT
 0000:0E5C       SYSLOADMSG
 0000:0F69       SYSDISPMSG
 0000:1214       $M_GET_MSG_ADDRESS
 0000:1497       $M_CLS_1
 0000:14C3       $M_MSGSERV_1
 0000:1534       $M_MSGSERV_2
 0000:15E0       SYSPARSE
 01CD:0004       DataVersion
 01CD:0004       MSCT001S
 01CD:000A       BugTyp
 01CD:000C       BugLev
 01CD:000E       MYNUM
 01CD:0010       FCBLRU
 01CD:0012       OpenLRU
 01CD:0014       OEM_HANDLER
 01CD:0018       LeaveAddr
 01CD:001A       RetryCount
 01CD:001C       RetryLoop
 01CD:001E       LastBuffer
 01CD:0022       CONTPOS
 01CD:0024       Arena_Head
 01CD:0026       DPBHEAD
 01CD:0026       SYSINITVAR
 01CD:002A       SFT_addr
 01CD:002E       BCLOCK
 01CD:0032       BCON
 01CD:0036       MAXSEC
 01CD:0038       BUFFHEAD
 01CD:003C       CDSADDR
 01CD:0040       sftFCB
 01CD:0044       KeepCount
 01CD:0046       NUMIO
 01CD:0047       CDSCOUNT
 01CD:0048       NULDEV
 01CD:005A       Splices
 01CD:005B       Special_Entries
 01CD:005D       IFS_DOS_CALL
 01CD:0061       IFS_HEADER
 01CD:0065       BUFFERS_PARM1
 01CD:0067       BUFFERS_PARM2
 01CD:0069       BOOTDRIVE
 01CD:006A       DDMOVE
 01CD:006B       EXT_MEM_SIZE
 01CD:006D       HASHINITVAR
 01CD:006D       BUF_HASH_PTR
 01CD:0071       BUF_HASH_COUNT
 01CD:0073       SC_CACHE_PTR
 01CD:0077       SC_CACHE_COUNT
 01CD:0079       BUF_EMS_SAFE_FLAG
 01CD:007A       BUF_EMS_LAST_PAGE
 01CD:007E       BUF_EMS_FIRST_PAGE
 01CD:0082       BUF_EMS_NPA640
 01CD:0084       BUF_EMS_MODE
 01CD:0085       BUF_EMS_HANDLE
 01CD:0087       BUF_EMS_PAGE_FRAME
 01CD:0089       BUF_EMS_SEG_CNT
 01CD:008B       BUF_EMS_PFRAME
 01CD:008D       BUF_EMS_RESERV
 01CD:008F       BUF_EMS_MAP_BUFF
 01CD:0090       JShare
 01CD:00CC       MSCT001E
 01CD:00CC       CONST001S
 01CD:00CC       sfTabl
 01CD:01F9       CARPOS
 01CD:01FA       STARTPOS
 01CD:01FB       INBUF
 01CD:027B       CONBUF
 01CD:02FE       PFLAG
 01CD:02FF       VERFLG
 01CD:0300       CharCo
 01CD:0301       chSwitch
 01CD:0302       AllocMethod
 01CD:0303       fshare
 01CD:0304       DIFFNAM
 01CD:0305       MYNAME
 01CD:0315       CritPatch
 01CD:0320       ErrorMode
 01CD:0320       SWAP_START
 01CD:0321       INDOS
 01CD:0322       WPErr
 01CD:0323       EXTERR_LOCUS
 01CD:0324       EXTERR
 01CD:0326       EXTERR_ACTION
 01CD:0327       EXTERR_CLASS
 01CD:0328       EXTERRPT
 01CD:032C       DMAADD
 01CD:0330       CurrentPDB
 01CD:0332       ConC_spsave
 01CD:0334       exit_code
 01CD:0336       CURDRV
 01CD:0337       CNTCFLAG
 01CD:0338       CPSWFLAG
 01CD:0339       CPSWSAVE
 01CD:033A       Swap_Always
 01CD:033A       user_in_ax
 01CD:033C       Proc_ID
 01CD:033E       User_ID
 01CD:0340       FirstArena
 01CD:0342       BestArena
 01CD:0344       LastArena
 01CD:0346       EndMem
 01CD:0348       LASTENT
 01CD:034A       FAILERR
 01CD:034B       ALLOWED
 01CD:034C       NoSetDir
 01CD:034D       DidCTRLC
 01CD:034E       SpaceFlag
 01CD:0350       DAY
 01CD:0351       MONTH
 01CD:0352       YEAR
 01CD:0354       DAYCNT
 01CD:0356       WEEKDAY
 01CD:0357       CONSWAP
 01CD:0358       IDLEINT
 01CD:0359       fAborting
 01CD:035A       DEVCALL
 01CD:0367       CALLUNIT
 01CD:0367       CALLMED
 01CD:0368       CALLXAD
 01CD:0368       CALLRBYT
 01CD:0369       CALLVIDM
 01CD:036C       CallBPB
 01CD:036C       CALLSCNT
 01CD:036E       CALLSSEC
 01CD:0370       CALLVIDRW
 01CD:0374       CALLNEWSC
 01CD:0378       CALLDEVAD
 01CD:037C       IOCall
 01CD:0389       IOMED
 01CD:0389       IORCHR
 01CD:038A       IOXAD
 01CD:038E       IOSCNT
 01CD:0390       IOSSEC
 01CD:0392       DSKSTCALL
 01CD:0394       DSKSTCOM
 01CD:0395       DSKSTST
 01CD:039F       DSKCHRET
 01CD:03A4       DSKSTCNT
 01CD:03A8       CreatePDB
 01CD:03A9       Lock_Buffer
 01CD:03B1       CONST001E
 01CD:03B2       UserNum
 01CD:03B2       DMES001S
 01CD:03B5       OEMNum
 01CD:03B6       DMES001E
 01CD:03B6       MSINI001S
 01CD:03B6       MSDAT001S
 01CD:03B6       TIMEBUF
 01CD:03BC       DEVIOBUF
 01CD:03BE       OpenBuf
 01CD:043E       RenBuf
 01CD:04BE       SEARCHBUF
 01CD:04CA       MSINI001E
 01CD:04F3       DummyCDS
 01CD:054B       DevFCB
 01CD:054B       NAME1
 01CD:0557       XXX
 01CD:0557       NAME2
 01CD:0564       DESTSTART
 01CD:056B       ATTRIB
 01CD:056C       EXTFCB
 01CD:056D       SATTRIB
 01CD:056E       open_access
 01CD:056F       FoundDel
 01CD:0570       Found_dev
 01CD:0571       fSplice
 01CD:0572       fSharing
 01CD:0573       SECCLUSPOS
 01CD:0574       TRANS
 01CD:0575       READOP
 01CD:0576       THISDRV
 01CD:0577       CLUSFAC
 01CD:0578       CLUSSPLIT
 01CD:0579       INSMODE
 01CD:057A       cMeta
 01CD:057B       VOLID
 01CD:057C       exit_type
 01CD:057E       CREATING
 01CD:057F       DELALL
 01CD:0580       EXITHOLD
 01CD:0584       user_SP
 01CD:0586       user_SS
 01CD:0588       CONTSTK
 01CD:058A       THISDPB
 01CD:058E       CLUSSAVE
 01CD:0590       CLUSSEC
 01CD:0594       PREREAD
 01CD:0596       FATBYT
 01CD:0598       FATBYTE
 01CD:059A       DEVPT
 01CD:059E       ThisSFT
 01CD:05A2       THISCDS
 01CD:05A6       THISFCB
 01CD:05AA       SFN
 01CD:05AC       JFN
 01CD:05AE       pJFN
 01CD:05B2       WFP_START
 01CD:05B4       REN_WFP
 01CD:05B6       CURR_DIR_END
 01CD:05B8       NEXTADD
 01CD:05BA       LASTPOS
 01CD:05BC       CLUSNUM
 01CD:05BE       DIRSEC
 01CD:05C2       DIRSTART
 01CD:05C4       SECPOS
 01CD:05C8       VALSEC
 01CD:05CC       BYTSECPOS
 01CD:05CE       BytPos
 01CD:05D2       BYTCNT1
 01CD:05D4       BYTCNT2
 01CD:05D6       SECCNT
 01CD:05D8       ENTFREE
 01CD:05DA       ENTLAST
 01CD:05DC       NXTCLUSNUM
 01CD:05DE       GROWCNT
 01CD:05E2       CURBUF
 01CD:05E6       CONSft
 01CD:05EA       SaveBX
 01CD:05EC       SaveDS
 01CD:05EE       restore_tmp
 01CD:05F0       NSS
 01CD:05F2       NSP
 01CD:05F4       EXTOPEN_FLAG
 01CD:05F6       EXTOPEN_ON
 01CD:05F7       EXTOPEN_IO_MODE
 01CD:05F9       SAVE_DI
 01CD:05FB       SAVE_ES
 01CD:05FD       SAVE_DX
 01CD:05FF       SAVE_CX
 01CD:0601       SAVE_BX
 01CD:0603       SAVE_SI
 01CD:0605       SAVE_DS
 01CD:0607       HIGH_SECTOR
 01CD:0609       HIGH_SECTOR_TEMP
 01CD:060B       DISK_FULL
 01CD:060C       TEMP_VAR
 01CD:060E       TEMP_VAR2
 01CD:0610       DrvErr
 01CD:0611       DOS34_FLAG
 01CD:0613       NO_FILTER_PATH
 01CD:0617       NO_FILTER_DPATH
 01CD:061B       Callback_SS
 01CD:061D       Callback_SP
 01CD:061F       Callback_flag
 01CD:0620       RENAMEDMA
 01CD:07A0       AuxStack
 01CD:0920       DskStack
 01CD:0AA0       IBMPATCH
 01CD:0AA0       IOStack
 01CD:0AA0       PRINTER_FLAG
 01CD:0AA1       VOLCHNG_FLAG
 01CD:0AA2       VIRTUAL_OPEN
 01CD:0AA3       FSeek_drive
 01CD:0AA4       FSeek_firclus
 01CD:0AA6       FSeek_logclus
 01CD:0AA8       FSeek_logsave
 01CD:0AAA       ACT_PAGE
 01CD:0AAC       SWAP_END
 01CD:0D11       MSDAT001E
 01CD:0D12       COUNTRY_CDPG
 01CD:0D12       DMES002S
 01CD:0DA0       UCASE_TAB
 01CD:0E22       FILE_UCASE_TAB
 01CD:0EA4       FILE_CHAR_TAB
 01CD:0FD6       DBCS_TAB
 01CD:0FE8       DIVMES
 01CD:0FE8       DIVM001S
 01CD:0FFB       DivMesLen
 01CD:0FFD       DIVM001E
 01CD:0FFD       NLS_YES
 01CD:0FFE       NLS_NO
 01CD:0FFF       NLS_yes2
 01CD:1000       NLS_no2
 01CD:1001       CANCHAR
 01CD:1002       ESCCHAR
 01CD:102D       IRETT
 01CD:102F       SWAP_AREA_LEN
 01CD:1031       Hash_Temp
 01CD:1033       LCRITDEVICE
 01CD:1034       SETMEM
 01CD:1035       SKIPONE
 01CD:1036       TWOESC
 01CD:1037       $STD_CON_STRING_INPUT_NO_ECHO
 01CD:1038       $STD_CON_INPUT_NO_ECHO
 01CD:1039       INT2F
 01CD:103A       $dup_pdb
 01CD:103B       LEAVEDOS
 01CD:103C       GETCH
 01CD:103D       COPYONE
 01CD:103E       $SETDPB
 01CD:103F       CALL_ENTRY
 01CD:1040       ECRITDISK
 01CD:1041       COPYLIN
 01CD:1042       LCRITDISK
 01CD:1043       QUIT
 01CD:1044       BACKSP
 01CD:1045       DIVOV
 01CD:1046       STAY_RESIDENT
 01CD:1047       CTRLZ
 01CD:1048       EXITINS
 01CD:1049       OKCALL
 01CD:104A       SKIPSTR
 01CD:104B       ABSDWRT
 01CD:104C       BADCALL
 01CD:104D       REEDIT
 01CD:104E       INULDEV
 01CD:104F       ABSDRD
 01CD:1050       SNULDEV
 01CD:1051       COPYSTR
 01CD:1052       ECRITDEVICE
 01CD:1053       COMMAND
 01CD:1054       ENTERINS
 01CD:1055       DEVIOCALL2
 01CD:1056       FASTOPENTABLE
 01CD:1057       HEADER
 01CD:1058       SYSINITTABLE
 01CD:1059       FETCHI_TAG
 01CD:105A       IFS_DOSCALL
 01CD:105B       KILNEW
 01CD:105C       PACKET_TEMP
 01CD:105D       Swap_in_DOS_Len
 01CD:105E       swap_always_area
 01CD:105F       swap_always_area_len
 01CD:1060       swap_in_dos
 01CD:1061       MAP_CASE
 01CD:1073       OEMFunctionKey
 01CD:1090       SYSBUF
 01CD:1091       DOSINIT
 01CD:13AF       MSINI002S
 01CD:155C       MEMSTRT
 01CD:155C       MSINI002E

Program entry point at 0000:0BE6
