LINK : warning L4021: no stack segment

 Start  Stop   Length Name                   Class
 00000H 025B2H 025B3H CSEG                   CODE

  Address         Publics by Name

 0000:140C       $M_CLS_1
 0000:0BF9       $M_GET_MSG_ADDRESS
 0000:1421       $M_MSGSERV_1
 0000:1435       $M_MSGSERV_2
 0000:0A25       $M_RT
 0000:22EE       comp_codepage
 0000:0121       CONTROL_POS
 0000:0890       COPYRIGHT
 0000:0110       CURRENT_PARM
 0000:1642       cur_name
 0000:19FA       EXITFL
 0000:23A7       exterr
 0000:005C       FCB
 0000:2369       getcp
 0000:1AA5       INIT
 0000:22C9       init_cp
 0000:1ACE       main
 0000:0002       MEMORY_SIZE
 0000:24F3       more_init
 0000:09E7       MSGNUM_ACCESSDENIED
 0000:090A       MSGNUM_ADR
 0000:09BD       MSGNUM_AND_MSG
 0000:08F5       MSGNUM_BAD
 0000:08EB       MSGNUM_BADDRV
 0000:09A9       MSGNUM_BADSIZ
 0000:095D       MSGNUM_BAD_PATH
 0000:091F       MSGNUM_BDR
 0000:09FC       MSGNUM_CP_MISMATCH
 0000:09DD       MSGNUM_CRLF
 0000:093E       MSGNUM_DONE
 0000:0934       MSGNUM_EOR
 0000:08A4       MSGNUM_EXTERR
 0000:0948       MSGNUM_FNF
 0000:08CD       MSGNUM_MEM
 0000:09B3       MSGNUM_NOTHER
 0000:0A06       MSGNUM_OK
 0000:08D7       MSGNUM_PARA
 0000:08AE       MSGNUM_PARSE
 0000:0A10       MSGNUM_PPARSE
 0000:0991       MSGNUM_PRINAM
 0000:099D       MSGNUM_SECNAM
 0000:0972       MSGNUM_SHARE
 0000:08E1       MSGNUM_TENMSG
 0000:0987       MSGNUM_TOO_MANY
 0000:08B8       MSGNUM_VER
 0000:16C6       name1
 0000:1748       name2
 0000:0112       ORDINAL
 0000:0116       PARMS
 0000:0080       PARM_AREA
 0000:0114       PARM_COUNT
 0000:0133       PARSER
 0000:181F       PATH1
 0000:1909       PATH2
 0000:22DF       restore_cp
 0000:249E       SENDMSG
 0000:24D0       setfill
 0000:0952       SUBLIST_11
 0000:0967       SUBLIST_12
 0000:097C       SUBLIST_13
 0000:09C7       SUBLIST_19A
 0000:09D2       SUBLIST_19B
 0000:09F1       SUBLIST_21
 0000:0A1A       SUBLIST_24
 0000:08FF       SUBLIST_6
 0000:0914       SUBLIST_7
 0000:0929       SUBLIST_8
 0000:08C2       SUBLIST_EXTERR
 0000:0D21       SYSDISPMSG
 0000:0BDD       SYSGETMSG
 0000:0AE3       SYSLOADMSG
 0000:025B       SYSPARSE

  Address         Publics by Value

 0000:0002       MEMORY_SIZE
 0000:005C       FCB
 0000:0080       PARM_AREA
 0000:0110       CURRENT_PARM
 0000:0112       ORDINAL
 0000:0114       PARM_COUNT
 0000:0116       PARMS
 0000:0121       CONTROL_POS
 0000:0133       PARSER
 0000:025B       SYSPARSE
 0000:0890       COPYRIGHT
 0000:08A4       MSGNUM_EXTERR
 0000:08AE       MSGNUM_PARSE
 0000:08B8       MSGNUM_VER
 0000:08C2       SUBLIST_EXTERR
 0000:08CD       MSGNUM_MEM
 0000:08D7       MSGNUM_PARA
 0000:08E1       MSGNUM_TENMSG
 0000:08EB       MSGNUM_BADDRV
 0000:08F5       MSGNUM_BAD
 0000:08FF       SUBLIST_6
 0000:090A       MSGNUM_ADR
 0000:0914       SUBLIST_7
 0000:091F       MSGNUM_BDR
 0000:0929       SUBLIST_8
 0000:0934       MSGNUM_EOR
 0000:093E       MSGNUM_DONE
 0000:0948       MSGNUM_FNF
 0000:0952       SUBLIST_11
 0000:095D       MSGNUM_BAD_PATH
 0000:0967       SUBLIST_12
 0000:0972       MSGNUM_SHARE
 0000:097C       SUBLIST_13
 0000:0987       MSGNUM_TOO_MANY
 0000:0991       MSGNUM_PRINAM
 0000:099D       MSGNUM_SECNAM
 0000:09A9       MSGNUM_BADSIZ
 0000:09B3       MSGNUM_NOTHER
 0000:09BD       MSGNUM_AND_MSG
 0000:09C7       SUBLIST_19A
 0000:09D2       SUBLIST_19B
 0000:09DD       MSGNUM_CRLF
 0000:09E7       MSGNUM_ACCESSDENIED
 0000:09F1       SUBLIST_21
 0000:09FC       MSGNUM_CP_MISMATCH
 0000:0A06       MSGNUM_OK
 0000:0A10       MSGNUM_PPARSE
 0000:0A1A       SUBLIST_24
 0000:0A25       $M_RT
 0000:0AE3       SYSLOADMSG
 0000:0BDD       SYSGETMSG
 0000:0BF9       $M_GET_MSG_ADDRESS
 0000:0D21       SYSDISPMSG
 0000:140C       $M_CLS_1
 0000:1421       $M_MSGSERV_1
 0000:1435       $M_MSGSERV_2
 0000:1642       cur_name
 0000:16C6       name1
 0000:1748       name2
 0000:181F       PATH1
 0000:1909       PATH2
 0000:19FA       EXITFL
 0000:1AA5       INIT
 0000:1ACE       main
 0000:22C9       init_cp
 0000:22DF       restore_cp
 0000:22EE       comp_codepage
 0000:2369       getcp
 0000:23A7       exterr
 0000:249E       SENDMSG
 0000:24D0       setfill
 0000:24F3       more_init

Program entry point at 0000:0100
