LINK : warning L4021: no stack segment

 Start  Stop   Length Name                   Class
 00000H 02359H 0235AH CODE                   

  Address         Publics by Name

 0000:1B3B       $M_CLS_1
 0000:188E       $M_GET_MSG_ADDRESS
 0000:1AD4       $M_MSGSERV_1
 0000:1AE8       $M_MSGSERV_2
 0000:1418       $M_RT
 0000:0F4C       ABORT
 0000:027A       BASE
 0000:006C  Abs  BRKADR
 0000:018B       BRKKY
 0000:117F       CON$INIT
 0000:051F       COUT
 0000:0A2F       Display_Loaded_Before_Me
 0000:0167       ERR1
 0000:016F       ERR2
 0000:0165       EXIT
 0000:01AE       EXT_16
 0000:09DF       FUNC_INFO
 0000:0A31       GENERIC_IOCTL
 0000:0A2D       GRAPHICS_FLAG
 0000:01B3       HDWR_FLAG
 0000:0D90       INT10_COM
 0000:0E7B       INT2F_COM
 0000:0199       MAXCOL
 0000:0A2C       MAX_SCANS
 0000:000F  Abs  MAX_VIDEO_TAB_NUM
 0000:0198       MODE
 0000:015C       NO_OPERATION
 0000:2260       PARSE_PARM
 0000:00B1       PTRSAV
 0000:0A29       REQ_TXT_LENGTH
 0000:0A1F       ROM_INT10
 0000:0A23       ROM_INT2F
 0000:01B2       SCAN_LINES
 0000:0003  Abs  STATUS
 0000:01B1       Switch_K
 0000:01B0       Switch_L
 0000:01AF       SWITCH_X
 0000:000E  Abs  TRANS
 0000:01B5       VIDEO_MODE_TABLE
 0000:0278       VIDEO_TABLE_MAX

  Address         Publics by Value

 0000:0003  Abs  STATUS
 0000:000E  Abs  TRANS
 0000:000F  Abs  MAX_VIDEO_TAB_NUM
 0000:006C  Abs  BRKADR
 0000:00B1       PTRSAV
 0000:015C       NO_OPERATION
 0000:0165       EXIT
 0000:0167       ERR1
 0000:016F       ERR2
 0000:018B       BRKKY
 0000:0198       MODE
 0000:0199       MAXCOL
 0000:01AE       EXT_16
 0000:01AF       SWITCH_X
 0000:01B0       Switch_L
 0000:01B1       Switch_K
 0000:01B2       SCAN_LINES
 0000:01B3       HDWR_FLAG
 0000:01B5       VIDEO_MODE_TABLE
 0000:0278       VIDEO_TABLE_MAX
 0000:027A       BASE
 0000:051F       COUT
 0000:09DF       FUNC_INFO
 0000:0A1F       ROM_INT10
 0000:0A23       ROM_INT2F
 0000:0A29       REQ_TXT_LENGTH
 0000:0A2C       MAX_SCANS
 0000:0A2D       GRAPHICS_FLAG
 0000:0A2F       Display_Loaded_Before_Me
 0000:0A31       GENERIC_IOCTL
 0000:0D90       INT10_COM
 0000:0E7B       INT2F_COM
 0000:0F4C       ABORT
 0000:117F       CON$INIT
 0000:1418       $M_RT
 0000:188E       $M_GET_MSG_ADDRESS
 0000:1AD4       $M_MSGSERV_1
 0000:1AE8       $M_MSGSERV_2
 0000:1B3B       $M_CLS_1
 0000:2260       PARSE_PARM
