
 Start  Stop   Length Name                   Class
 00000H 001DFH 001E0H R_CODE                 R_CODE
 001E0H 00317H 00138H GDT                    
 00320H 00320H 00000H LDT                    
 00320H 006DFH 003C0H IDT                    
 006E0H 02748H 02069H TSS                    
 02749H 02749H 00000H ABS0                   
 02749H 02749H 00000H ABS0                   
 02749H 02749H 00000H ABS0                   
 02749H 027C8H 00080H L286BUFF               
 027C9H 027C9H 00000H ABS0                   
 027CAH 04969H 021A0H _DATA                  DATA
 0496AH 0496AH 00000H CONST                  CONST
 0496AH 04973H 0000AH _BSS                   BSS
 04980H 04F7FH 00600H STACK                  STACK
 04F80H 09100H 04181H _TEXT                  CODE
 09102H 0D101H 04000H VDATA                  VDATA
 0D110H 1410FH 07000H PAGESEG                PAGES
 14110H 1542FH 01320H LAST                   LAST

 Origin   Group
 027C:0   DGROUP

  Address         Publics by Name

 04F8:1816       A20_Handler
 04F8:184D       A20_Trap_Init
 1411:010A       ActiveMess
 027C:00E3       Active_Status
 1411:01B6       Adj_Size
 1411:0BB0       AllocMem
 1411:02F7       Already_Inst
 1411:0132       AutoMess
 027C:00E4       Auto_Mode
 04F8:19B4       BitOFF
 027C:0B9C       CurRegSet
 027C:0B9B       CurRegSetn
 1411:0BD1       DeallocMem
 04F8:1866       DisableA20
 04F8:196A       DisableNMI
 04F8:40F9       dispatch_vector
 04F8:13ED       DMABase0
 04F8:13ED       DMABase1
 04F8:13ED       DMABase2
 04F8:13ED       DMABase3
 04F8:13CE       DMABase5
 04F8:13CE       DMABase6
 04F8:13CE       DMABase7
 04F8:151D       DMAClrFF1
 04F8:153A       DMAClrFF2
 04F8:1457       DMACnt0
 04F8:1457       DMACnt1
 04F8:1457       DMACnt2
 04F8:1457       DMACnt3
 04F8:1438       DMACnt5
 04F8:1438       DMACnt6
 04F8:1438       DMACnt7
 04F8:1550       DMAMode1
 04F8:1586       DMAMode2
 04F8:14B8       DMAPg0
 04F8:14BE       DMAPg1
 04F8:14C4       DMAPg2
 04F8:14CA       DMAPg3
 04F8:14D0       DMAPg5
 04F8:14D6       DMAPg6
 04F8:14DC       DMAPg7
 027C:0109       DMARegSav
 04F8:1658       DMA_DMAFixup
 027C:01C5       DMA_Pages
 027C:01D5       DMA_PAGE_COUNT
 027C:00C4       dos_version
 027C:00C9       driver_end
 0000:00B0       EFunTab
 0000:0002  Abs  EFUN_CNT
 04F8:1F95       egetc
 0000:00B8       ELIM_Entry
 04F8:001B       ELIM_EXE
 04F8:009D       ELIM_link
 027C:01FA       ELOff
 04F8:19C6       EM286ll
 04F8:1AEA       EM386ll
 04F8:0EA7       EmMovCDTR
 04F8:11EC       EmMOVSW
 027C:21AA       EMM_data_end
 027C:21AA       EMM_dynamic_data_area
 027C:000A       EMM_Flag
 1411:0322       EMM_Init
 027C:0636       EMM_MPindex
 0000:0800  Abs  EMM_PAGE_CNT
 04F8:013F       EMM_pEntry
 0000:00E1       EMM_rEfix
 0000:00E0       EMM_rEntry
 027C:0BA0       EMM_savDI
 027C:0B9E       EMM_savES
 04F8:0D1C       EmProtIns
 04F8:08F9       emul_reflect
 04F8:1861       EnableA20
 04F8:1E39       ErrHndlr
 027C:0406       Error_Flag
 1411:1148       estb_a20_state
 1411:0970       estb_mach_state
 1411:0B7F       exclude_segments
 027C:0094       EXCPE_CS
 027C:0099       EXCPE_EIP
 027C:00A7       EXCPE_ERR
 0000:004D  Abs  EXCPE_Len
 027C:0075       EXCPE_Mess
 027C:0090       EXCPE_Num
 0498:0600       exe_stack
 1411:0087       ExtSizeMess
 027C:00F3       ext_size
 04F8:1FCA       FarGoVirtual
 1411:0AA2       find_phys_pages
 027C:067A       FRS_array
 027C:0B9A       FRS_free
 0000:0138  Abs  GDTLEN
 1411:0D80       gdt_mb
 027C:00E9       GDT_Seg
 1411:1100       GetPageEntry
 04F8:18A0       get_a20_state
 1411:0E68       get_buffer
 1411:1170       get_init_a20_state
 04F8:0402       get_token
 04F8:1FCE       GoVirtual
 0000:00FF  Abs  HANDLE_CNT
 04F8:089D       hw_int
 0000:00F9       i15_Entry
 0000:00F0       i15_Old
 0000:03C0  Abs  IDTLEN
 027C:00EB       IDT_Seg
 1411:011D       InactiveMess
 1411:024D       Incorrect_DOS
 1411:0280       Incorrect_PRT
 04F8:1971       InitBitMap
 1411:1310       InitDeb
 04F8:1253       InitDMA
 04F8:16D7       InitELIM
 1411:11D0       InitEPage
 1411:0EF7       InitGdt
 1411:0000       InitMess
 1411:0F8F       InitPages
 1411:0CC0       InitTab
 1411:0550       Init_MEMM386
 1411:021C       InsfMem
 1411:0056       InstallMess
 04F8:0064       Inst_chk
 04F8:0060       Inst_chk_f
 04F8:4135       int67_Entry
 0000:0062       interrupt
 1411:0191       InvMRA
 1411:014E       InvParm
 1411:016D       InvPFBA
 006E:0068       IOBitMap
 04F8:04A6       IOTrap_Tab
 04F8:06A6       IOT_BadT
 04F8:06AD       IOT_OEM
 04F8:17E5       IO_Trap
 1411:10A6       Is286
 1411:10B0       Is386
 1411:00D7       ISizeMess
 1411:0BA0       is_page_mappable
 0000:014C       JumpReal
 0498:0200       kstack_top
 04F8:1D27       MapLinear
 1411:0A50       mappable_segs
 04F8:18E5       Map_Lin_OEM
 1411:0A90       Map_tbl
 04F8:18D4       MaskIntAll
 0000:0010  Abs  max_PF
 04F8:1D02       MB_Exit
 0000:00F4       MB_Flag
 04F8:1900       MB_Map_Dest
 04F8:18FF       MB_Map_Src
 04F8:1901       MB_Start
 027C:0400       MB_Stat
 0000:0012       MEMM_Entry
 1411:0E0D       memreq
 1411:0DBD       moveb
 04F8:1BED       Move_Block
 027C:00C7       msg_flag
 1411:02B4       No_PF_Avail
 1411:11A9       OEM_Init_Diag_Page
 04F8:18E4       OEM_Trap_Init
 04F8:03A4       onf_func
 1411:1111       PageDirOff
 027C:00FC       PageD_Seg
 1411:1122       PageTableOff
 027C:00FE       PageT_Seg
 0D11:0000       Page_Area
 027C:0100       Page_Dir
 1411:00FF       PFBAMess
 1411:01DF       PFWarning
 027C:04F4       PF_Base
 0000:0068  Abs  POE_Len
 027C:000C       POE_Mess
 027C:0032       POE_Num
 1411:0E38       pool_initialise
 027C:00C5       pool_size
 04F8:1991       PortTrap
 027C:00CD       powr10
 0000:0005  Abs  P_TABLE_CNT
 04F8:1D88       Real_Seg
 0000:0053       ReqPtr
 04F8:18DE       RestIntMask
 04F8:1929       Rest_Par_Vect
 04F8:1D47       RetReal
 027C:01EB       ROM_BIOS_Machine_ID
 1411:0980       rom_srch
 04F8:1E0D       RRProc
 04F8:1DB1       RRP_Handler
 04F8:1E1B       RR_Trap_Init
 1411:1095       SegOffTo24
 04F8:40E5       SegOffTo24Resident
 1411:108B       SegTo24
 04F8:207B       SelToSeg
 1411:1070       SetDescInfo
 04F8:40D0       SetDescInfoResident
 1411:10E0       SetGateDesc
 1411:10F2       SetPageEntry
 1411:1085       SetSegDesc
 1411:0E02       set_dest_selector
 1411:1300       set_ext
 04F8:1902       Set_Par_Vect
 1411:0DED       set_src_selector
 027C:00E7       STACK_Seg
 0000:0057       strategy
 1411:00AF       SysSizeMess
 027C:00F5       sys_size
 027C:00E5       TEXT_Seg
 04F8:18A6       togl_A20
 0000:2069  Abs  TSSLEN
 027C:00ED       TSS_Seg
 04F8:18F8       UMap_Lin_OEM
 04F8:1D2F       UnMapLinear
 0910:0002       vdata_begin
 1411:0EA0       VDM_Init
 1411:1180       VerifyMachine
 04F8:0B00       VmFault
 04F8:1971       vminit
 04F8:0900       VmInst
 04F8:06AE       VmTrap
 04F8:06B1       vm_trap00
 04F8:06CC       vm_trap01
 04F8:06E7       vm_trap02
 04F8:0705       vm_trap03
 04F8:070E       vm_trap04
 04F8:0717       vm_trap05
 04F8:0732       vm_trap06
 04F8:074F       vm_trap07
 04F8:076A       vm_trap08
 04F8:0784       vm_trap09
 04F8:078D       vm_trap0a
 04F8:0796       vm_trap0b
 04F8:07B1       vm_trap0c
 04F8:07CC       vm_trap0d
 04F8:07F1       vm_trap0e
 04F8:080B       vm_trap0f
 04F8:0814       vm_trap10
 04F8:081D       vm_trap50
 04F8:0825       vm_trap51
 04F8:082D       vm_trap52
 04F8:0835       vm_trap53
 04F8:083D       vm_trap54
 04F8:0845       vm_trap55
 04F8:084D       vm_trap56
 04F8:0855       vm_trap57
 04F8:085D       vm_trap70
 04F8:0865       vm_trap71
 04F8:086D       vm_trap72
 04F8:0875       vm_trap73
 04F8:087D       vm_trap74
 04F8:0885       vm_trap75
 04F8:088D       vm_trap76
 04F8:0895       vm_trap77
 04F8:1FBF       WaitKBD
 027C:00F2       xbase_addr_h
 027C:00F0       xbase_addr_l
 04F8:2972       _AllocatePages
 04F8:299C       _AllocateRawPages
 04F8:357C       _AlterMapAndCall
 04F8:3520       _AlterMapAndJump
 04F8:3DD0       _AlternateMapRegisterSet
 04F8:0250       _AutoUpdate
 04F8:2818       _Avail_Pages
 027C:066F       _cntxt_bytes
 027C:066E       _cntxt_pages
 04F8:4026       _copyin
 04F8:4011       _copyout
 027C:0B9C       _CurRegSet
 04F8:2A36       _DeallocatePages
 04F8:3FD7       _dest_addr
 027C:01C5       _DMA_Pages
 027C:01D5       _DMA_PAGE_COUNT
 027C:0670       _emm40_info
 027C:219C       _emmpt_start
 027C:04EC       _EMMstatus
 027C:21A8       _emm_brk
 027C:21A4       _emm_free
 027C:0636       _EMM_MPindex
 027C:21A2       _emm_page
 04F8:17A3       _Exchange16K
 04F8:26FC       _ExchangePTEs
 04F8:17D7       _FatalError
 04F8:40A9       _flush_tlb
 027C:21A0       _free_count
 04F8:2864       _free_pages
 027C:219E       _free_top
 04F8:2B36       _GetAllEMMHandlePages
 04F8:1741       _GetCRSEntry
 04F8:1758       _GetDMALinAdr
 04F8:2AF2       _GetEMMHandleCount
 04F8:2B06       _GetEMMHandlePages
 04F8:2AE2       _GetEMMVersion
 04F8:2EC2       _GetHandleDirectory
 04F8:2D48       _GetInformation
 04F8:2B92       _GetLogicalToPhysicalPageTrans
 04F8:2CC2       _GetMappablePAddrArray
 04F8:291E       _GetPageFrameAddress
 04F8:2B88       _GetPageMappingRegisterIOArray
 04F8:1700       _GetPte
 04F8:2776       _GetPteFromIndex
 04F8:2DB8       _GetSetHandleAttribute
 04F8:2E02       _GetSetHandleName
 04F8:329C       _GetSetPageMap
 04F8:3372       _GetSetPartial
 04F8:2912       _GetStatus
 04F8:2958       _GetUnallocatedPageCount
 04F8:3F80       _Get_Key_Val
 04F8:281C       _get_pages
 027C:219A       _handle_count
 027C:19A0       _Handle_Name_Table
 027C:15A4       _handle_table
 027C:2198       _handle_table_size
 04F8:3480       _MapHandleArray
 04F8:31C8       _MapHandlePage
 027C:0596       _mappable_pages
 027C:0666       _mappable_page_count
 04F8:37CC       _MoveExchangeMemory
 04F8:40B0       _Names_Match
 04F8:3012       _OSDisable
 027C:0BA2       _OSEnabled
 027C:0BA6       _OSKey
 027C:04F6       _page_frame_base
 027C:066A       _page_frame_pages
 027C:21A6       _pft386
 027C:04F4       _PF_Base
 027C:0668       _physical_page_count
 04F8:3006       _PrepareForWarmBoot
 04F8:2B9C       _ReallocatePages
 027C:04EE       _regp
 04F8:324C       _RestorePageMap
 04F8:31FC       _SavePageMap
 027C:0BAE       _save_map
 04F8:171A       _SetPte
 04F8:27CA       _SetPteFromIndex
 04F8:3F9D       _source_addr
 04F8:24E8       _SwapAPage
 04F8:20A2       _SwapDMAPages
 027C:04F2       _total_pages
 04F8:2CB8       _UndefinedFunction
 04F8:266C       _UpdateUserPTE
 04F8:407C       _valid_handle
 027C:066C       _VM1_EMM_Pages
 04F8:403F       _wcopy
 04F8:4058       _wcopyb
 027C:04E8       __acrtused

  Address         Publics by Value

 0000:0002  Abs  EFUN_CNT
 0000:0005  Abs  P_TABLE_CNT
 0000:0010  Abs  max_PF
 0000:0012       MEMM_Entry
 0000:004D  Abs  EXCPE_Len
 0000:0053       ReqPtr
 0000:0057       strategy
 0000:0062       interrupt
 0000:0068  Abs  POE_Len
 0000:00B0       EFunTab
 0000:00B8       ELIM_Entry
 0000:00E0       EMM_rEntry
 0000:00E1       EMM_rEfix
 0000:00F0       i15_Old
 0000:00F4       MB_Flag
 0000:00F9       i15_Entry
 0000:00FF  Abs  HANDLE_CNT
 0000:0138  Abs  GDTLEN
 0000:014C       JumpReal
 0000:03C0  Abs  IDTLEN
 006E:0068       IOBitMap
 0000:0800  Abs  EMM_PAGE_CNT
 0000:2069  Abs  TSSLEN
 027C:000A       EMM_Flag
 027C:000C       POE_Mess
 027C:0032       POE_Num
 027C:0075       EXCPE_Mess
 027C:0090       EXCPE_Num
 027C:0094       EXCPE_CS
 027C:0099       EXCPE_EIP
 027C:00A7       EXCPE_ERR
 027C:00C4       dos_version
 027C:00C5       pool_size
 027C:00C7       msg_flag
 027C:00C9       driver_end
 027C:00CD       powr10
 027C:00E3       Active_Status
 027C:00E4       Auto_Mode
 027C:00E5       TEXT_Seg
 027C:00E7       STACK_Seg
 027C:00E9       GDT_Seg
 027C:00EB       IDT_Seg
 027C:00ED       TSS_Seg
 027C:00F0       xbase_addr_l
 027C:00F2       xbase_addr_h
 027C:00F3       ext_size
 027C:00F5       sys_size
 027C:00FC       PageD_Seg
 027C:00FE       PageT_Seg
 027C:0100       Page_Dir
 027C:0109       DMARegSav
 027C:01C5       DMA_Pages
 027C:01C5       _DMA_Pages
 027C:01D5       _DMA_PAGE_COUNT
 027C:01D5       DMA_PAGE_COUNT
 027C:01EB       ROM_BIOS_Machine_ID
 027C:01FA       ELOff
 027C:0400       MB_Stat
 027C:0406       Error_Flag
 027C:04E8       __acrtused
 027C:04EC       _EMMstatus
 027C:04EE       _regp
 027C:04F2       _total_pages
 027C:04F4       _PF_Base
 027C:04F4       PF_Base
 027C:04F6       _page_frame_base
 027C:0596       _mappable_pages
 027C:0636       _EMM_MPindex
 027C:0636       EMM_MPindex
 027C:0666       _mappable_page_count
 027C:0668       _physical_page_count
 027C:066A       _page_frame_pages
 027C:066C       _VM1_EMM_Pages
 027C:066E       _cntxt_pages
 027C:066F       _cntxt_bytes
 027C:0670       _emm40_info
 027C:067A       FRS_array
 027C:0B9A       FRS_free
 027C:0B9B       CurRegSetn
 027C:0B9C       _CurRegSet
 027C:0B9C       CurRegSet
 027C:0B9E       EMM_savES
 027C:0BA0       EMM_savDI
 027C:0BA2       _OSEnabled
 027C:0BA6       _OSKey
 027C:0BAE       _save_map
 027C:15A4       _handle_table
 027C:19A0       _Handle_Name_Table
 027C:2198       _handle_table_size
 027C:219A       _handle_count
 027C:219C       _emmpt_start
 027C:219E       _free_top
 027C:21A0       _free_count
 027C:21A2       _emm_page
 027C:21A4       _emm_free
 027C:21A6       _pft386
 027C:21A8       _emm_brk
 027C:21AA       EMM_dynamic_data_area
 027C:21AA       EMM_data_end
 0498:0200       kstack_top
 0498:0600       exe_stack
 04F8:001B       ELIM_EXE
 04F8:0060       Inst_chk_f
 04F8:0064       Inst_chk
 04F8:009D       ELIM_link
 04F8:013F       EMM_pEntry
 04F8:0250       _AutoUpdate
 04F8:03A4       onf_func
 04F8:0402       get_token
 04F8:04A6       IOTrap_Tab
 04F8:06A6       IOT_BadT
 04F8:06AD       IOT_OEM
 04F8:06AE       VmTrap
 04F8:06B1       vm_trap00
 04F8:06CC       vm_trap01
 04F8:06E7       vm_trap02
 04F8:0705       vm_trap03
 04F8:070E       vm_trap04
 04F8:0717       vm_trap05
 04F8:0732       vm_trap06
 04F8:074F       vm_trap07
 04F8:076A       vm_trap08
 04F8:0784       vm_trap09
 04F8:078D       vm_trap0a
 04F8:0796       vm_trap0b
 04F8:07B1       vm_trap0c
 04F8:07CC       vm_trap0d
 04F8:07F1       vm_trap0e
 04F8:080B       vm_trap0f
 04F8:0814       vm_trap10
 04F8:081D       vm_trap50
 04F8:0825       vm_trap51
 04F8:082D       vm_trap52
 04F8:0835       vm_trap53
 04F8:083D       vm_trap54
 04F8:0845       vm_trap55
 04F8:084D       vm_trap56
 04F8:0855       vm_trap57
 04F8:085D       vm_trap70
 04F8:0865       vm_trap71
 04F8:086D       vm_trap72
 04F8:0875       vm_trap73
 04F8:087D       vm_trap74
 04F8:0885       vm_trap75
 04F8:088D       vm_trap76
 04F8:0895       vm_trap77
 04F8:089D       hw_int
 04F8:08F9       emul_reflect
 04F8:0900       VmInst
 04F8:0B00       VmFault
 04F8:0D1C       EmProtIns
 04F8:0EA7       EmMovCDTR
 04F8:11EC       EmMOVSW
 04F8:1253       InitDMA
 04F8:13CE       DMABase7
 04F8:13CE       DMABase5
 04F8:13CE       DMABase6
 04F8:13ED       DMABase3
 04F8:13ED       DMABase1
 04F8:13ED       DMABase2
 04F8:13ED       DMABase0
 04F8:1438       DMACnt7
 04F8:1438       DMACnt6
 04F8:1438       DMACnt5
 04F8:1457       DMACnt0
 04F8:1457       DMACnt2
 04F8:1457       DMACnt3
 04F8:1457       DMACnt1
 04F8:14B8       DMAPg0
 04F8:14BE       DMAPg1
 04F8:14C4       DMAPg2
 04F8:14CA       DMAPg3
 04F8:14D0       DMAPg5
 04F8:14D6       DMAPg6
 04F8:14DC       DMAPg7
 04F8:151D       DMAClrFF1
 04F8:153A       DMAClrFF2
 04F8:1550       DMAMode1
 04F8:1586       DMAMode2
 04F8:1658       DMA_DMAFixup
 04F8:16D7       InitELIM
 04F8:1700       _GetPte
 04F8:171A       _SetPte
 04F8:1741       _GetCRSEntry
 04F8:1758       _GetDMALinAdr
 04F8:17A3       _Exchange16K
 04F8:17D7       _FatalError
 04F8:17E5       IO_Trap
 04F8:1816       A20_Handler
 04F8:184D       A20_Trap_Init
 04F8:1861       EnableA20
 04F8:1866       DisableA20
 04F8:18A0       get_a20_state
 04F8:18A6       togl_A20
 04F8:18D4       MaskIntAll
 04F8:18DE       RestIntMask
 04F8:18E4       OEM_Trap_Init
 04F8:18E5       Map_Lin_OEM
 04F8:18F8       UMap_Lin_OEM
 04F8:18FF       MB_Map_Src
 04F8:1900       MB_Map_Dest
 04F8:1901       MB_Start
 04F8:1902       Set_Par_Vect
 04F8:1929       Rest_Par_Vect
 04F8:196A       DisableNMI
 04F8:1971       InitBitMap
 04F8:1971       vminit
 04F8:1991       PortTrap
 04F8:19B4       BitOFF
 04F8:19C6       EM286ll
 04F8:1AEA       EM386ll
 04F8:1BED       Move_Block
 04F8:1D02       MB_Exit
 04F8:1D27       MapLinear
 04F8:1D2F       UnMapLinear
 04F8:1D47       RetReal
 04F8:1D88       Real_Seg
 04F8:1DB1       RRP_Handler
 04F8:1E0D       RRProc
 04F8:1E1B       RR_Trap_Init
 04F8:1E39       ErrHndlr
 04F8:1F95       egetc
 04F8:1FBF       WaitKBD
 04F8:1FCA       FarGoVirtual
 04F8:1FCE       GoVirtual
 04F8:207B       SelToSeg
 04F8:20A2       _SwapDMAPages
 04F8:24E8       _SwapAPage
 04F8:266C       _UpdateUserPTE
 04F8:26FC       _ExchangePTEs
 04F8:2776       _GetPteFromIndex
 04F8:27CA       _SetPteFromIndex
 04F8:2818       _Avail_Pages
 04F8:281C       _get_pages
 04F8:2864       _free_pages
 04F8:2912       _GetStatus
 04F8:291E       _GetPageFrameAddress
 04F8:2958       _GetUnallocatedPageCount
 04F8:2972       _AllocatePages
 04F8:299C       _AllocateRawPages
 04F8:2A36       _DeallocatePages
 04F8:2AE2       _GetEMMVersion
 04F8:2AF2       _GetEMMHandleCount
 04F8:2B06       _GetEMMHandlePages
 04F8:2B36       _GetAllEMMHandlePages
 04F8:2B88       _GetPageMappingRegisterIOArray
 04F8:2B92       _GetLogicalToPhysicalPageTrans
 04F8:2B9C       _ReallocatePages
 04F8:2CB8       _UndefinedFunction
 04F8:2CC2       _GetMappablePAddrArray
 04F8:2D48       _GetInformation
 04F8:2DB8       _GetSetHandleAttribute
 04F8:2E02       _GetSetHandleName
 04F8:2EC2       _GetHandleDirectory
 04F8:3006       _PrepareForWarmBoot
 04F8:3012       _OSDisable
 04F8:31C8       _MapHandlePage
 04F8:31FC       _SavePageMap
 04F8:324C       _RestorePageMap
 04F8:329C       _GetSetPageMap
 04F8:3372       _GetSetPartial
 04F8:3480       _MapHandleArray
 04F8:3520       _AlterMapAndJump
 04F8:357C       _AlterMapAndCall
 04F8:37CC       _MoveExchangeMemory
 04F8:3DD0       _AlternateMapRegisterSet
 04F8:3F80       _Get_Key_Val
 04F8:3F9D       _source_addr
 04F8:3FD7       _dest_addr
 04F8:4011       _copyout
 04F8:4026       _copyin
 04F8:403F       _wcopy
 04F8:4058       _wcopyb
 04F8:407C       _valid_handle
 04F8:40A9       _flush_tlb
 04F8:40B0       _Names_Match
 04F8:40D0       SetDescInfoResident
 04F8:40E5       SegOffTo24Resident
 04F8:40F9       dispatch_vector
 04F8:4135       int67_Entry
 0910:0002       vdata_begin
 0D11:0000       Page_Area
 1411:0000       InitMess
 1411:0056       InstallMess
 1411:0087       ExtSizeMess
 1411:00AF       SysSizeMess
 1411:00D7       ISizeMess
 1411:00FF       PFBAMess
 1411:010A       ActiveMess
 1411:011D       InactiveMess
 1411:0132       AutoMess
 1411:014E       InvParm
 1411:016D       InvPFBA
 1411:0191       InvMRA
 1411:01B6       Adj_Size
 1411:01DF       PFWarning
 1411:021C       InsfMem
 1411:024D       Incorrect_DOS
 1411:0280       Incorrect_PRT
 1411:02B4       No_PF_Avail
 1411:02F7       Already_Inst
 1411:0322       EMM_Init
 1411:0550       Init_MEMM386
 1411:0970       estb_mach_state
 1411:0980       rom_srch
 1411:0A50       mappable_segs
 1411:0A90       Map_tbl
 1411:0AA2       find_phys_pages
 1411:0B7F       exclude_segments
 1411:0BA0       is_page_mappable
 1411:0BB0       AllocMem
 1411:0BD1       DeallocMem
 1411:0CC0       InitTab
 1411:0D80       gdt_mb
 1411:0DBD       moveb
 1411:0DED       set_src_selector
 1411:0E02       set_dest_selector
 1411:0E0D       memreq
 1411:0E38       pool_initialise
 1411:0E68       get_buffer
 1411:0EA0       VDM_Init
 1411:0EF7       InitGdt
 1411:0F8F       InitPages
 1411:1070       SetDescInfo
 1411:1085       SetSegDesc
 1411:108B       SegTo24
 1411:1095       SegOffTo24
 1411:10A6       Is286
 1411:10B0       Is386
 1411:10E0       SetGateDesc
 1411:10F2       SetPageEntry
 1411:1100       GetPageEntry
 1411:1111       PageDirOff
 1411:1122       PageTableOff
 1411:1148       estb_a20_state
 1411:1170       get_init_a20_state
 1411:1180       VerifyMachine
 1411:11A9       OEM_Init_Diag_Page
 1411:11D0       InitEPage
 1411:1300       set_ext
 1411:1310       InitDeb

Program entry point at 04F8:001B
