
 Start  Stop   Length Name                   Class
 00000H 001FFH 00200H STACK                  STACK
 00200H 0062FH 00430H CSEG_MAIN              CODE
 00630H 00C6FH 00640H CSEG_OPEN              CODE
 00C70H 01B6FH 00F00H CSEG_SEEK              CODE
 01B70H 03EF0H 02381H CSEG_INIT              CODE

  Address         Publics by Name

 01B7:1C7E       $M_CLS_1
 01B7:1DC7       $M_GET_MSG_ADDRESS
 01B7:1C93       $M_MSGSERV_1
 01B7:1CA7       $M_MSGSERV_2
 01B7:1961       $M_RT
 00C7:0036       Check_Flag
 0063:002A       Chk_Flag
 01B7:1910       COPYRIGHT
 0020:00C5       EMS_PAGE_NUMBER
 0020:00C3       EMS_SAVE_HANDLE1
 0063:0640       End_Open
 00C7:0F00       End_Seek
 00C7:0128       FK_CLOSE
 00C7:01CC       FK_DELETE
 00C7:0315       FK_INSERT
 00C7:0695       FK_LOOKUP
 00C7:0046       FK_OPEN
 00C7:096E       FK_PURGE
 00C7:0829       FK_TRUNCATE
 0020:00CF       FOPEN_Delete
 0020:00C7       FOPEN_Insert
 0020:00D3       FOPEN_Lookup
 0020:00D7       FOPEN_PURGE
 0020:00CB       FOPEN_Update
 0020:00DF       FSEEK_Close
 0020:00E7       FSEEK_Delete
 0020:00E3       FSEEK_Insert
 0020:00EB       FSEEK_Lookup
 0020:00DB       FSEEK_Open
 0020:00F3       FSEEK_Purge
 0020:00EF       FSEEK_Truncate
 0020:00FF       MAIN
 0020:0011       Main_EMS_FLAG
 0020:0081       Main_EMS_PAGE_SEG
 0020:0083       Main_EMS_PAGE_SIZE
 0020:000B       Main_extent_drive_Buff
 0020:000F       Main_ext_cache_size
 0020:0009       Main_Ext_Count
 0020:000D       Main_name_cache_Buff
 0020:0005       Main_name_cache_seg
 0020:0019       Main_Name_Drive_Buff
 0020:0007       Main_Num_Of_drives
 0020:001B       Main_ParamBuff
 0020:0013       Main_Res_Segs
 0020:0015       Main_Total_Ext_Count
 0020:0017       Main_Total_Name_Count
 0063:002D       Open_name_cache_seg
 0063:002F       Open_name_Drive_Buff
 0020:0289       RESTORE_PAGE_STATE
 0020:0255       SAVE_EMS_PAGE_STATE
 00C7:0044       Seek_extent_drive_Buff
 00C7:0042       Seek_Name_Cache_Buff
 00C7:0038       Seek_name_cache_seg
 00C7:0040       Seek_Name_Drive_Buff
 00C7:003A       Seek_Num_Of_drives
 00C7:003E       Seek_Total_Ext_Count
 00C7:003C       Seek_Total_Name_Count
 01B7:1EEF       SYSDISPMSG
 01B7:1CB1       SYSLOADMSG
 01B7:10E6       SYSPARSE
 0020:00FB       VECTOR_Delete
 0020:00F7       VECTOR_LookUp

  Address         Publics by Value

 0020:0005       Main_name_cache_seg
 0020:0007       Main_Num_Of_drives
 0020:0009       Main_Ext_Count
 0020:000B       Main_extent_drive_Buff
 0020:000D       Main_name_cache_Buff
 0020:000F       Main_ext_cache_size
 0020:0011       Main_EMS_FLAG
 0020:0013       Main_Res_Segs
 0020:0015       Main_Total_Ext_Count
 0020:0017       Main_Total_Name_Count
 0020:0019       Main_Name_Drive_Buff
 0020:001B       Main_ParamBuff
 0020:0081       Main_EMS_PAGE_SEG
 0020:0083       Main_EMS_PAGE_SIZE
 0020:00C3       EMS_SAVE_HANDLE1
 0020:00C5       EMS_PAGE_NUMBER
 0020:00C7       FOPEN_Insert
 0020:00CB       FOPEN_Update
 0020:00CF       FOPEN_Delete
 0020:00D3       FOPEN_Lookup
 0020:00D7       FOPEN_PURGE
 0020:00DB       FSEEK_Open
 0020:00DF       FSEEK_Close
 0020:00E3       FSEEK_Insert
 0020:00E7       FSEEK_Delete
 0020:00EB       FSEEK_Lookup
 0020:00EF       FSEEK_Truncate
 0020:00F3       FSEEK_Purge
 0020:00F7       VECTOR_LookUp
 0020:00FB       VECTOR_Delete
 0020:00FF       MAIN
 0020:0255       SAVE_EMS_PAGE_STATE
 0020:0289       RESTORE_PAGE_STATE
 0063:002A       Chk_Flag
 0063:002D       Open_name_cache_seg
 0063:002F       Open_name_Drive_Buff
 0063:0640       End_Open
 00C7:0036       Check_Flag
 00C7:0038       Seek_name_cache_seg
 00C7:003A       Seek_Num_Of_drives
 00C7:003C       Seek_Total_Name_Count
 00C7:003E       Seek_Total_Ext_Count
 00C7:0040       Seek_Name_Drive_Buff
 00C7:0042       Seek_Name_Cache_Buff
 00C7:0044       Seek_extent_drive_Buff
 00C7:0046       FK_OPEN
 00C7:0128       FK_CLOSE
 00C7:01CC       FK_DELETE
 00C7:0315       FK_INSERT
 00C7:0695       FK_LOOKUP
 00C7:0829       FK_TRUNCATE
 00C7:096E       FK_PURGE
 00C7:0F00       End_Seek
 01B7:10E6       SYSPARSE
 01B7:1910       COPYRIGHT
 01B7:1961       $M_RT
 01B7:1C7E       $M_CLS_1
 01B7:1C93       $M_MSGSERV_1
 01B7:1CA7       $M_MSGSERV_2
 01B7:1CB1       SYSLOADMSG
 01B7:1DC7       $M_GET_MSG_ADDRESS
 01B7:1EEF       SYSDISPMSG

Program entry point at 01B7:03F9
