LINK : warning L4021: no stack segment

 Start  Stop   Length Name                   Class
 00000H 00E22H 00E23H CODERES                
 00E23H 019F7H 00BD5H DATARES                
 01A00H 01A0FH 00010H BATARENA               
 01A10H 01A4FH 00040H BATSEG                 
 01A50H 01A5FH 00010H ENVARENA               
 01A60H 01AFFH 000A0H ENVIRONMENT            
 01B00H 025FFH 00B00H INIT                   
 02600H 02600H 00000H TAIL                   
 02600H 07EB9H 058BAH TRANCODE               
 07EBAH 0836EH 004B5H TRANDATA               
 0836FH 09341H 00FD3H TRANSPACE              
 09350H 09350H 00000H TRANTAIL               
 09350H 09350H 00000H FOR_SEGMENT            

 Origin   Group
 0000:0   RESGROUP
 0260:0   TRANGROUP

  Address         Publics by Name

 0260:0B98       $call
 0260:1D7C       $chdir
 0260:1A35       $EXIT
 0260:0E42       $for
 0260:09FF       $if
 0260:1DE2       $mkdir
 0000:1345       $M_CLS_3
 0000:25F2       $M_CLS_4
 0000:1734       $M_CLS_5
 0000:1605       $M_CLS_6
 0000:19ED       $M_CLS_7
 0260:5849       $M_CLS_8
 0260:49BF       $M_GET_MSG_ADDRESS
 0260:589C       $M_MSGSERV_1
 0260:58B0       $M_MSGSERV_2
 0260:5E4B       $M_RT
 0000:1350       $M_RT2
 0260:1E56       $rmdir
 0000:0EBF       abort_char
 0260:58E2       AccDen_PTR
 0260:5A9B       ACRLF_PTR
 0260:1AE6       add_name_to_environment
 0260:1ACC       add_prompt
 0260:06F3       Alloc_TPA
 0260:6217       ALLSWITCH
 0260:6575       APPEND_EXEC
 0000:0F5B       append_flag
 0260:47F1       append_parse
 0000:0F59       append_state
 0260:658F       arg
 0260:6213       ARG1S
 0260:6215       ARG2S
 0260:6AD3       argbufptr
 0260:6210       ARGC
 0260:6217       ARGTS
 0260:2A1D       argv_calc
 0260:636F       Arg_Buf
 0260:5A59       arg_buf_ptr
 0260:652B       ASCII
 0000:05A2       ASKEND
 0000:242D       AUTOBAT
 0260:58D9       BADBAT_PTR
 0260:3C92       BADCDERR
 0260:59F7       BadCD_ptr
 0260:58CD       badcpmes_ptr
 0000:241E       BADCSPFL
 0260:594B       BadCurDrv
 0260:5957       BADDAT_PTR
 0260:5A17       baddev_ptr
 0260:5918       BADDRV_PTR
 0000:0E90       badfat_block
 0000:0E94       BADFAT_OP_SEG
 0000:0E8F       badfat_subst
 0260:5951       BADLAB_PTR
 0260:59FA       Badmkd_ptr
 0260:58DF       BadNam_Ptr
 0260:1393       badpath_err
 0260:5A14       BADPMES_ptr
 0260:59FD       BADRMD_PTR
 0260:5984       BADTIM_PTR
 0260:5A00       BAD_ON_OFF_ptr
 0260:6D00       BatBuf
 0260:6D20       BatBufEnd
 0260:5C79       BatBufLen
 0260:6CFE       BatBufPos
 0000:0EDB       BATCH
 0260:08CC       BatchOff
 0000:0F25       Batch_Abort
 0260:0C8E       BATCLOSE
 0260:0769       BatCom
 0260:5C68       batext
 0260:6532       BATHAND
 0260:0CA2       BATOPEN
 0260:6527       BINARY
 0260:6345       bits
 0000:246B       bslash
 0260:38C3       BUILDDEST
 0260:3983       BUILDNAME
 0260:39B3       BUILDPATH
 0260:16FC       build_dir_for_chdir
 0260:16D3       build_dir_for_prompt
 0260:170D       build_dir_string
 0260:62F3       bwdbuf
 0260:621B       BYTCNT
 0260:63FA       bytes_free
 0260:590A       Bytmes_ptr
 0000:0F43       call_batch_flag
 0000:0F42       call_flag
 0260:0FC0       catalog
 0000:0E8E       CDEVAT
 0260:220F       cerror
 0260:6219       CFLAG
 0260:6224       charbuf
 0260:191D       chcp
 0260:620B       CHKDRV
 0000:052D       CHKSUM
 0000:245C       CHUCKENV
 0260:17E8       cls
 0260:5AFE       clsstring
 0260:47ED       cmd_parse
 0260:2F03       CNTRLC
 0260:627D       COM
 0260:6058       COMBUF
 0000:0F26       COMDRV
 0260:5C60       comext
 0260:634F       comma
 0260:012C       COMMAND
 0000:24EB       command_c_syn
 0000:24C6       command_d_syn
 0000:24D2       command_e_syn
 0000:24BA       command_f_syn
 0000:24F7       command_m_syn
 0000:24AE       command_p_syn
 0000:2500       comnd1_addr
 0000:24FD       COMND1_CODE
 0000:24FC       COMND1_OUTPUT
 0000:24FE       comnd1_syn
 0000:24FC       COMND1_TYPE
 0260:3B22       COMPNAME
 0000:0E9C       comprmt1_block
 0000:0EA0       COMPRMT1_SEG
 0000:0EAB       COMPRMT1_SEG2
 0000:0E9B       comprmt1_subst
 0260:6B57       comptr
 0000:0EDD       COMSPEC
 0260:5AF6       comspecstr
 0000:241F       COMSPECT
 0000:0F1D       comspec_end
 0260:6571       comspec_flag
 0000:0E9E       comspec_print
 0000:245F       comspstring
 0260:6211       COMSW
 0260:5B47       COMTAB
 0000:105D       COM_FCB1
 0000:1061       COM_FCB2
 0000:1059       COM_PTR
 0000:0F47       com_xlat_addr
 0260:620F       CONCAT
 0260:620E       concat_xa
 0000:1B00       CONPROC
 0000:0156       CONTC
 0260:3865       COPERR
 0260:58EE       COPIED_ptr
 0260:300A       COPY
 0260:63F5       copy_num
 0260:3B36       cparse
 0260:652E       CPDATE
 0000:0EB2       cpdrv
 0260:6530       CPTIME
 0260:63F7       cpyflag
 0260:5937       CP_active_Ptr
 0260:5929       CP_not_all_Ptr
 0260:591B       CP_not_set_Ptr
 0260:13A4       crename
 0000:142A       critical_msg_start
 0000:0F2E       crit_err_info
 0000:0F51       crit_msg_off
 0000:0F53       crit_msg_seg
 0000:0839       CRLF
 0260:1EB7       CRLF2
 0260:1F14       CRPRINT
 0260:27B7       CTIME
 0260:5A23       ctrlcmes_ptr
 0260:1877       ctty
 0260:596C       curdat_mo_day
 0260:595A       CURDAT_PTR
 0260:596A       curdat_yr
 0260:620D       CURDRV
 0260:598C       curtim_hr_min
 0260:5987       CURTIM_PTR
 0260:598E       curtim_sec_hn
 0000:1610       DATARESEND
 0260:274D       DATE
 0260:6D31       date_day
 0260:6D30       date_month
 0260:6D2A       DATE_OUTPUT
 0260:6D2A       DATE_TYPE
 0260:6D2E       date_year
 0260:2715       DATINIT
 0260:5A98       dback_ptr
 0000:0F55       dbcs_vector_addr
 0260:1BC4       delete_path
 0260:1ECC       delim
 0260:5998       DEL_Y_N_PTR
 0260:6280       DEST
 0260:640F       DESTBUF
 0260:621A       DestClosed
 0260:62B0       destdir
 0260:62B0       DESTFCB
 0260:6274       DESTFCB2
 0260:6466       DESTHAND
 0260:640E       destinfo
 0260:6468       DESTISDEV
 0260:640A       Destisdir
 0260:62A5       DESTNAME
 0260:640B       DESTSIZ
 0260:6215       DESTSWITCH
 0260:640C       Desttail
 0260:640A       DESTVARS
 0000:0E3E       devemes_block
 0000:0E3D       devemes_subst
 0000:0E54       DEVENAM
 0000:0E40       deve_op_off
 0000:0E42       DEVE_OP_SEG
 0000:0E4D       DEVE_OP_SEG2
 0260:5A53       DEVWMES_ptr
 0260:62F3       DIRBUF
 0260:61FE       dirchar
 0260:5ACE       dirdattim_ptr
 0260:5AD5       dirdat_mo_day
 0260:5AD3       dirdat_yr
 0260:6351       dirflag
 0260:5A03       dirhead_ptr
 0260:58FC       Dirmes_ptr
 0260:5ADE       dirtim_hr_min
 0260:5AE0       dirtim_sec_hn
 0260:63F8       dir_num
 0260:5D4F       dir_w_syn
 0260:6545       display_ioctl
 0260:654B       display_mode
 0260:6553       display_width
 0000:0E23       disp_class
 0260:5A75       disp_file_size_ptr
 0260:5A95       Dmes_ptr
 0260:02D3       DOCOM
 0260:02D6       DOCOM1
 0260:6D3E       DRIVE_NUMBER
 0260:6D3A       DRIVE_OUTPUT
 0260:6D3A       DRIVE_TYPE
 0260:6D3B       DRIVE_VALUE
 0260:2091       DRVBAD
 0000:0E3C       DRVLET
 0000:0E26       drvnum_block
 0000:0E28       drvnum_op_off
 0000:0E2A       DRVNUM_OP_SEG
 0000:0E35       DRVNUM_OP_SEG2
 0000:0E25       drvnum_subst
 0000:05BF       DSKERR
 0260:253E       dstrlen
 0000:2484       dswitch
 0260:2EC9       ECHO
 0000:0F31       ECHOFLAG
 0260:5A3F       ECHOMES_ptr
 0000:245D       ECOMLOC
 0000:1A6E       ECOMSPEC
 0260:6536       ELCNT
 0260:6537       ELPOS
 0260:3235       EndCopy
 0000:0566       endinit
 0260:58D3       ENVERR_PTR
 0000:1B00       ENVIREND
 0000:1057       envirseg
 0000:2471       EnvMax
 0000:1FA8       EnvMaximum
 0000:246F       envsiz
 0000:2467       equalsign
 0260:131C       erase
 0000:0E5D       err15mes_block
 0000:0E5C       err15mes_subst
 0000:0E61       ERR15_OP_SEG
 0000:0E6C       ERR15_OP_SEG2
 0000:0E77       ERR15_OP_SEG3
 0000:0ED6       ERRCD_24
 0260:1F3C       error_output
 0000:0EC9       ErrType
 0000:2483       eswitch
 0260:5AA1       eurdat_ptr
 0000:0EB4       execemes_block
 0000:0EB6       execemes_off
 0000:0EB8       execemes_seg
 0000:0EB3       execemes_subst
 0260:6121       EXECPATH
 0260:61FF       EXEC_ADDR
 0000:1057       EXEC_BLOCK
 0000:014A       Exec_Wait
 0260:5C64       exeext
 0260:62F3       EXEFCB
 0260:6570       expand_star
 0000:0F2B       EXTCOM
 0000:173F       extended_msg_start
 0260:58C1       extend_buf_off
 0260:58BC       Extend_buf_ptr
 0260:58C3       Extend_Buf_seg
 0260:58BE       Extend_buf_sub
 0260:1396       extend_setup
 0260:216C       EXTERNAL
 0000:19F8       extmsgend
 0260:6544       ext_entered
 0000:0144       EXT_EXEC
 0000:2482       ext_msg
 0260:635A       ext_open_off
 0260:635A       ext_open_parms
 0260:635C       ext_open_seg
 0000:0EC2       fail_char
 0260:6B59       fbuf
 0260:1EE3       fcb_to_ascz
 0000:0F3B       fFail
 0260:6222       filecnt
 0260:5A67       file_name_ptr
 0260:63F1       file_size_high
 0260:63EF       file_size_low
 0260:620C       FILTYP
 0260:1BEE       FIND_NAME_IN_environment
 0260:1BE6       find_path
 0260:1BEB       find_prompt
 0260:6469       FIRSTDEST
 0260:3725       FLSHFIL
 0260:209A       FNDCOM
 0260:09F9       forerror
 0000:0F3D       FORFLAG
 0260:5A1A       fornestmes_ptr
 0260:0F99       ForOff
 0260:0D15       FORPROC
 0000:0F3E       forptr
 0260:06E3       Free_TPA
 0260:621F       FRSTSRCH
 0000:246A       fslash
 0000:0F4C       fucase_addr
 0260:58D6       FULDIR_PTR
 0260:634D       fullscr
 0260:093D       GetBatByt
 0000:0474       GETCOMDSK2
 0260:2FD7       GetDate
 0260:0552       GetKeyStroke
 0260:1615       get_ext_error_number
 0260:15E9       Get_file_code_page_tag
 0260:0BCC       goto
 0260:62F3       GOTOLEN
 0000:0ED8       HANDLE01
 0260:61F7       HEADCALL
 0000:2410       icondev
 0260:6275       ID
 0260:6274       IDLEN
 0260:0B23       iferlev
 0260:0AB6       ifexists
 0000:0F3C       IFFlag
 0260:0A5F       ifnot
 0260:620C       IFNOTFLAG
 0260:5B2B       IFTAB
 0260:6BDB       if_not_count
 0000:0EC1       ignore_char
 0260:5A20       INBDEV_ptr
 0260:6525       INEXACT
 0000:2450       INITADD
 0000:247D       initend
 0000:0FAD       InitFlag
 0000:227D       init_contc_specialcase
 0000:247B       init_parse
 0260:58EB       inornot_ptr
 0000:1053       INPIPEPTR
 0260:6CDE       INTERNATVARS
 0000:2487       INTERNAT_INFO
 0000:02B8       INT_2E
 0000:0ECA       INT_2E_RET
 0260:5A56       inval_path_ptr
 0260:5948       inv_code_page
 0000:0F24       In_Batch
 0260:2441       IOSET
 0000:0F33       IO_SAVE
 0000:0882       ITESTKANJ
 0260:5AA4       japdat_ptr
 0000:243E       KAUTOBAT
 0260:658E       KPARSE
 0260:6B55       last_arg
 0000:2468       lcasea
 0000:2469       lcasez
 0260:6220       lincnt
 0260:6221       linlen
 0260:6555       linperpag
 0000:04DE       LOADCOM
 0000:0EDA       LOADING
 0000:02E9       lodcom
 0000:0355       LODCOM1
 0260:58E8       LOSTERR_ptr
 0000:1069       LTPA
 0260:63FE       major_ver_num
 0260:5AE7       MD_exists_ptr
 0260:646A       MELCOPY
 0260:646B       MELSTART
 0000:0F27       MEMSIZ
 0260:6400       minor_ver_num
 0260:1C4F       move_name
 0260:2577       move_to_srcbuf
 0260:58BB       Msg_Cont_Flag
 0260:58BA       msg_disp_class
 0260:6572       msg_flag
 0260:6573       msg_numb
 0000:08BF       MSG_SERV_ST
 0000:1067       MYSEG
 0000:106F       MYSEG1
 0000:1073       MYSEG2
 0260:58DC       NEEDBAT_PTR
 0000:0F40       NEST
 0260:597B       newdat_format
 0260:5976       NEWDAT_PTR
 0260:5995       NEWTIM_PTR
 0000:0F44       next_batch
 0260:5945       NLSFUNC_Ptr
 0260:02E1       NOPIPEPROC
 0260:58D0       NOSPACE_PTR
 0260:2DBD       notest2
 0260:6526       NOWRITE
 0000:0EC4       no_char
 0260:5C7B       no_values
 0000:0F46       NULLFLAG
 0260:5A11       nulpath_ptr
 0000:0E24       number_subst
 0000:2505       num_positionals
 0260:621D       NXTADD
 0000:2051       Nxtstr
 0260:652D       objcnt
 0260:5A4D       offmes_ptr
 0260:1549       okvolarg
 0000:2473       oldenv
 0000:1079       olderrno
 0000:0ED2       OldTerm
 0000:2507       old_parse_ptr
 0260:6402       one_char_val
 0260:5A50       onmes_ptr
 0000:1055       OUTPIPEPTR
 0260:0527       output_batch_name
 0260:58E5       overwr_ptr
 0000:0ED0       PARENT
 0260:620F       PARM1
 0260:6210       PARM2
 0260:6D26       parse1_addr
 0260:6D23       PARSE1_CODE
 0260:6D22       PARSE1_OUTPUT
 0260:6D24       parse1_syn
 0260:6D22       parse1_type
 0260:28F3       parseline
 0000:2485       parsemes_ptr
 0260:5CA4       PARSE_BREAK
 0260:5CC7       parse_chcp
 0260:5D25       parse_chdir
 0260:1A7F       parse_check_eol
 0000:2487       parse_command
 0260:5D5D       parse_ctty
 0260:5CE6       parse_date
 0260:5D39       parse_dir
 0260:5D2E       parse_erase
 0260:6352       parse_last
 0260:5D1C       parse_mrdir
 0000:1610       parse_msg_start
 0260:5D52       parse_rename
 0260:5CF8       parse_time
 0260:5D0A       parse_vol
 0260:1A96       parse_with_msg
 0000:2477       pars_msg_off
 0000:2479       pars_msg_seg
 0260:173C       path
 0260:1F56       pathchrcmp
 0260:6347       pathcnt
 0260:1F67       pathcrunch
 0260:6B84       pathinfo
 0260:6349       pathpos
 0000:1A60       PATHSTRING
 0260:634B       PATHSW
 0260:2BA5       Path_Crunch
 0260:2A29       path_search
 0260:5AEA       PATH_TEXT
 0260:130F       Pause
 0260:594E       pausemes_ptr
 0000:0F36       PERMCOM
 0260:2427       PGetarg
 0000:0FB0       PIPE1
 0000:0FB3       pipe1t
 0000:0FC0       PIPE2
 0000:0FC3       pipe2t
 0260:25BF       PIPEDEL
 0260:5A1D       PIPEEMES_PTR
 0260:25DF       PIPEERRSYN
 0000:0FAF       PIPEFILES
 0000:0FAE       PIPEFLAG
 0260:2838       PipeOff
 0260:265E       PIPEPROC
 0260:2609       PIPEPROCSTRT
 0000:0FD0       PIPEPTR
 0000:0FD2       PIPESTR
 0260:652C       PLUS
 0260:6350       plus_comma
 0000:244F       PRDATTM
 0260:2215       PRESCAN
 0260:47F9       printf_crlf
 0260:47F5       printf_init
 0000:2454       print_add
 0260:16B8       print_b
 0260:16A2       print_back
 0260:16BA       print_char
 0260:2FBD       PRINT_DATE
 0260:16C9       print_drive
 0260:16A8       print_eq
 0260:6576       print_err_flag
 0260:16AC       print_esc
 0260:16B0       print_g
 0260:16B4       print_l
 0260:164E       PRINT_PROMPT
 0260:2850       PRINT_TIME
 0260:1635       print_version
 0260:04DF       PromptBat
 0260:5AB9       promptdat_moday
 0260:5AA7       promptdat_ptr
 0260:5AB7       promptdat_yr
 0260:5B03       prompt_table
 0260:5AEF       PROMPT_TEXT
 0260:5AC5       promtim_hr_min
 0260:5AC0       promtim_ptr
 0260:5AC7       promtim_sec_hn
 0260:6B8A       psep_char
 0260:6203       RCH_ADDR
 0260:620C       RDEOF
 0000:106C       RDIRCHAR
 0260:0572       READBAT
 0000:08BF       READ_DISK_PROC
 0000:0EC5       RemMsg
 0260:58CA       renerr_ptr
 0000:007F       RESCOM
 0000:2481       resetenv
 0000:08A7       reset_msg_pointers
 0000:107B       resmsgend
 0000:022F       ResPipeOff
 0260:61F9       RESSEG
 0000:0F35       RESTDIR
 0000:1075       ResTest
 0000:047A       RestHand
 0260:1D6F       RestUDir
 0260:1D62       restudir1
 0000:0DA6       RES_CODE_END
 0000:1077       RES_TPA
 0000:0F2C       RETCODE
 0000:0EC0       retry_char
 0260:61A4       RE_INSTR
 0000:0F5D       RE_OUTSTR
 0000:0F5C       RE_OUT_APP
 0260:6405       ROM_CALL
 0260:6408       ROM_CS
 0260:0471       ROM_EXEC
 0260:6406       ROM_IP
 0260:03F8       ROM_SCAN
 0000:083C       RPRINT
 0000:0F2F       rsrc_xa_seg
 0000:0E23       rstack
 0000:106B       RSWITCHAR
 0260:2D56       Save_Args
 0000:0ECE       SAVE_PDB
 0000:0455       SavHand
 0260:1E91       savudir
 0260:1E94       savudir1
 0260:64CC       SCANBUF
 0260:1EC4       scanoff
 0260:1C7C       scan_double_null
 0260:1C96       scasb2
 0000:246D       scswitch
 0260:6339       SDIRBUF
 0260:2C1A       search
 0260:6B8B       search_best
 0260:6B8C       search_best_buf
 0260:6B99       search_curdir_buf
 0260:6BD9       search_error
 0260:2C99       Search_Ftype
 0260:38A9       SETASC
 0260:23A9       setpath
 0260:25B5       SETREST
 0260:25B3       SETREST1
 0000:0305       SetSize
 0260:3B06       SETSTARS
 0260:4B00       SETSTDINOFF
 0260:4AE7       SETSTDINON
 0260:4B32       SETSTDOUTOFF
 0260:4B19       SETSTDOUTON
 0260:1AAA       setup_parse_error_msg
 0000:0547       SETVECT
 0260:1605       set_ext_error_msg
 0260:15C4       set_file_code_page
 0260:0B51       shift
 0000:0F37       SINGLECOM
 0260:259E       SINGLETEST
 0260:0B84       SkipDelim
 0260:06D2       SkipToEOL
 0260:6538       SKPDEL
 0260:2E25       slashp_erase
 0260:5CA1       slash_p_syn
 0260:6539       SOURCE
 0000:246C       space
 0260:621A       SPECDRV
 0260:6472       srcbuf
 0260:64C9       SRCHAND
 0260:6471       SRCINFO
 0260:64CB       SRCISDEV
 0260:646D       SRCISDIR
 0260:6523       SRCPT
 0260:646E       SRCSIZ
 0260:646F       SRCTAIL
 0260:646D       SRCVARS
 0260:5F27       srcxname
 0260:6358       src_xa_seg
 0260:6356       src_xa_size
 0260:6CDE       STACK
 0260:6534       STARTEL
 0260:4800       std_eprintf
 0260:4808       std_printf
 0260:1CEB       store_char
 0260:2B91       Store_PChar
 0260:1F09       strcomp
 0260:0928       StrCpy
 0260:5A83       string_buf_ptr
 0260:63F3       string_ptr_2
 0260:2CF4       strip
 0260:6578       Subst_buffer
 0000:0F29       SUM
 0000:0F32       SUPPRESS
 0260:599B       SUREMES_ptr
 0260:2060       SWITCH
 0260:61FD       SWITCHAR
 0260:5C6C       switch_list
 0260:5954       SYNTMES_PTR
 0000:0AB1       SYSDISPMSG
 0000:096C       SYSGETMSG
 0260:6354       system_cpage
 0260:5A92       tab_ptr
 0260:0104       TCOMMAND
 0260:652A       TERMREAD
 0260:2465       TESTDOREIN
 0260:24AD       TESTDOREOUT
 0260:1C9E       TESTKANJ
 0000:03EC       THEADFIX
 0260:6D39       time_fraction
 0260:6D36       time_hour
 0260:6D37       time_minutes
 0260:6D32       TIME_OUTPUT
 0260:6D38       time_seconds
 0260:6D32       TIME_TYPE
 0000:03CD       tjmp
 0260:61FB       TPA
 0260:6AD5       tpbuf
 0260:5128       TranCodeLast
 0260:5D6F       TRANDATAEND
 0000:0F1F       TRANS
 0260:6D42       TRANSPACEEND
 0000:2600       TranStart
 0000:1079       TranVarEnd
 0000:1065       TRANVARS
 0260:6209       TRAN_TPA
 0000:03D1       TREMCHECK
 0260:5F7E       trgxname
 0260:254C       triageError
 0000:2458       triage_add
 0260:2573       Triage_Init
 0000:0F23       TrnMvFlg
 0000:0F21       TRNSEG
 0000:247F       trnsize
 0260:19B3       truename
 0260:3718       TRYFLUSH
 0260:48F8       Tsysgetmsg
 0260:48F2       TSYSLOADMSG
 0260:1455       typefil
 0000:246E       ucasea
 0260:5FD5       UCOMBUF
 0260:1CC8       upconv
 0260:5A9E       usadat_ptr
 0000:2475       usedenv
 0260:60DB       USERDIR1
 0260:2F46       VERIFY
 0260:5A31       VERIMES_ptr
 0260:599E       vermes_ptr
 0260:162C       version
 0000:0F39       VERVAL
 0260:59C5       volmes_ptr
 0260:59B7       volmes_ptr_2
 0000:0E7E       VolName
 0000:0E8A       VOLSER
 0260:59DE       volsermes_ptr
 0260:1525       volume
 0260:6404       vol_drv
 0260:6557       vol_ioctl_buf
 0260:655D       vol_label
 0260:6559       vol_serial
 0260:5973       WeekTab
 0260:6528       WRITTEN
 0260:5C71       xa_cp
 0260:636D       xa_cp_length
 0260:6360       xa_cp_out
 0260:636B       xa_list_attr
 0000:0EC3       yes_char
 0260:6BDD       zflag

  Address         Publics by Value

 0000:007F       RESCOM
 0000:0144       EXT_EXEC
 0000:014A       Exec_Wait
 0000:0156       CONTC
 0000:022F       ResPipeOff
 0000:02B8       INT_2E
 0000:02E9       lodcom
 0000:0305       SetSize
 0000:0355       LODCOM1
 0000:03CD       tjmp
 0000:03D1       TREMCHECK
 0000:03EC       THEADFIX
 0000:0455       SavHand
 0000:0474       GETCOMDSK2
 0000:047A       RestHand
 0000:04DE       LOADCOM
 0000:052D       CHKSUM
 0000:0547       SETVECT
 0000:0566       endinit
 0000:05A2       ASKEND
 0000:05BF       DSKERR
 0000:0839       CRLF
 0000:083C       RPRINT
 0000:0882       ITESTKANJ
 0000:08A7       reset_msg_pointers
 0000:08BF       READ_DISK_PROC
 0000:08BF       MSG_SERV_ST
 0000:096C       SYSGETMSG
 0000:0AB1       SYSDISPMSG
 0000:0DA6       RES_CODE_END
 0000:0E23       rstack
 0000:0E23       disp_class
 0000:0E24       number_subst
 0000:0E25       drvnum_subst
 0000:0E26       drvnum_block
 0000:0E28       drvnum_op_off
 0000:0E2A       DRVNUM_OP_SEG
 0000:0E35       DRVNUM_OP_SEG2
 0000:0E3C       DRVLET
 0000:0E3D       devemes_subst
 0000:0E3E       devemes_block
 0000:0E40       deve_op_off
 0000:0E42       DEVE_OP_SEG
 0000:0E4D       DEVE_OP_SEG2
 0000:0E54       DEVENAM
 0000:0E5C       err15mes_subst
 0000:0E5D       err15mes_block
 0000:0E61       ERR15_OP_SEG
 0000:0E6C       ERR15_OP_SEG2
 0000:0E77       ERR15_OP_SEG3
 0000:0E7E       VolName
 0000:0E8A       VOLSER
 0000:0E8E       CDEVAT
 0000:0E8F       badfat_subst
 0000:0E90       badfat_block
 0000:0E94       BADFAT_OP_SEG
 0000:0E9B       comprmt1_subst
 0000:0E9C       comprmt1_block
 0000:0E9E       comspec_print
 0000:0EA0       COMPRMT1_SEG
 0000:0EAB       COMPRMT1_SEG2
 0000:0EB2       cpdrv
 0000:0EB3       execemes_subst
 0000:0EB4       execemes_block
 0000:0EB6       execemes_off
 0000:0EB8       execemes_seg
 0000:0EBF       abort_char
 0000:0EC0       retry_char
 0000:0EC1       ignore_char
 0000:0EC2       fail_char
 0000:0EC3       yes_char
 0000:0EC4       no_char
 0000:0EC5       RemMsg
 0000:0EC9       ErrType
 0000:0ECA       INT_2E_RET
 0000:0ECE       SAVE_PDB
 0000:0ED0       PARENT
 0000:0ED2       OldTerm
 0000:0ED6       ERRCD_24
 0000:0ED8       HANDLE01
 0000:0EDA       LOADING
 0000:0EDB       BATCH
 0000:0EDD       COMSPEC
 0000:0F1D       comspec_end
 0000:0F1F       TRANS
 0000:0F21       TRNSEG
 0000:0F23       TrnMvFlg
 0000:0F24       In_Batch
 0000:0F25       Batch_Abort
 0000:0F26       COMDRV
 0000:0F27       MEMSIZ
 0000:0F29       SUM
 0000:0F2B       EXTCOM
 0000:0F2C       RETCODE
 0000:0F2E       crit_err_info
 0000:0F2F       rsrc_xa_seg
 0000:0F31       ECHOFLAG
 0000:0F32       SUPPRESS
 0000:0F33       IO_SAVE
 0000:0F35       RESTDIR
 0000:0F36       PERMCOM
 0000:0F37       SINGLECOM
 0000:0F39       VERVAL
 0000:0F3B       fFail
 0000:0F3C       IFFlag
 0000:0F3D       FORFLAG
 0000:0F3E       forptr
 0000:0F40       NEST
 0000:0F42       call_flag
 0000:0F43       call_batch_flag
 0000:0F44       next_batch
 0000:0F46       NULLFLAG
 0000:0F47       com_xlat_addr
 0000:0F4C       fucase_addr
 0000:0F51       crit_msg_off
 0000:0F53       crit_msg_seg
 0000:0F55       dbcs_vector_addr
 0000:0F59       append_state
 0000:0F5B       append_flag
 0000:0F5C       RE_OUT_APP
 0000:0F5D       RE_OUTSTR
 0000:0FAD       InitFlag
 0000:0FAE       PIPEFLAG
 0000:0FAF       PIPEFILES
 0000:0FB0       PIPE1
 0000:0FB3       pipe1t
 0000:0FC0       PIPE2
 0000:0FC3       pipe2t
 0000:0FD0       PIPEPTR
 0000:0FD2       PIPESTR
 0000:1053       INPIPEPTR
 0000:1055       OUTPIPEPTR
 0000:1057       EXEC_BLOCK
 0000:1057       envirseg
 0000:1059       COM_PTR
 0000:105D       COM_FCB1
 0000:1061       COM_FCB2
 0000:1065       TRANVARS
 0000:1067       MYSEG
 0000:1069       LTPA
 0000:106B       RSWITCHAR
 0000:106C       RDIRCHAR
 0000:106F       MYSEG1
 0000:1073       MYSEG2
 0000:1075       ResTest
 0000:1077       RES_TPA
 0000:1079       olderrno
 0000:1079       TranVarEnd
 0000:107B       resmsgend
 0000:1345       $M_CLS_3
 0000:1350       $M_RT2
 0000:142A       critical_msg_start
 0000:1605       $M_CLS_6
 0000:1610       DATARESEND
 0000:1610       parse_msg_start
 0000:1734       $M_CLS_5
 0000:173F       extended_msg_start
 0000:19ED       $M_CLS_7
 0000:19F8       extmsgend
 0000:1A60       PATHSTRING
 0000:1A6E       ECOMSPEC
 0000:1B00       ENVIREND
 0000:1B00       CONPROC
 0000:1FA8       EnvMaximum
 0000:2051       Nxtstr
 0000:227D       init_contc_specialcase
 0000:2410       icondev
 0000:241E       BADCSPFL
 0000:241F       COMSPECT
 0000:242D       AUTOBAT
 0000:243E       KAUTOBAT
 0000:244F       PRDATTM
 0000:2450       INITADD
 0000:2454       print_add
 0000:2458       triage_add
 0000:245C       CHUCKENV
 0000:245D       ECOMLOC
 0000:245F       comspstring
 0000:2467       equalsign
 0000:2468       lcasea
 0000:2469       lcasez
 0000:246A       fslash
 0000:246B       bslash
 0000:246C       space
 0000:246D       scswitch
 0000:246E       ucasea
 0000:246F       envsiz
 0000:2471       EnvMax
 0000:2473       oldenv
 0000:2475       usedenv
 0000:2477       pars_msg_off
 0000:2479       pars_msg_seg
 0000:247B       init_parse
 0000:247D       initend
 0000:247F       trnsize
 0000:2481       resetenv
 0000:2482       ext_msg
 0000:2483       eswitch
 0000:2484       dswitch
 0000:2485       parsemes_ptr
 0000:2487       INTERNAT_INFO
 0000:2487       parse_command
 0000:24AE       command_p_syn
 0000:24BA       command_f_syn
 0000:24C6       command_d_syn
 0000:24D2       command_e_syn
 0000:24EB       command_c_syn
 0000:24F7       command_m_syn
 0000:24FC       COMND1_TYPE
 0000:24FC       COMND1_OUTPUT
 0000:24FD       COMND1_CODE
 0000:24FE       comnd1_syn
 0000:2500       comnd1_addr
 0000:2505       num_positionals
 0000:2507       old_parse_ptr
 0000:25F2       $M_CLS_4
 0000:2600       TranStart
 0260:0104       TCOMMAND
 0260:012C       COMMAND
 0260:02D3       DOCOM
 0260:02D6       DOCOM1
 0260:02E1       NOPIPEPROC
 0260:03F8       ROM_SCAN
 0260:0471       ROM_EXEC
 0260:04DF       PromptBat
 0260:0527       output_batch_name
 0260:0552       GetKeyStroke
 0260:0572       READBAT
 0260:06D2       SkipToEOL
 0260:06E3       Free_TPA
 0260:06F3       Alloc_TPA
 0260:0769       BatCom
 0260:08CC       BatchOff
 0260:0928       StrCpy
 0260:093D       GetBatByt
 0260:09F9       forerror
 0260:09FF       $if
 0260:0A5F       ifnot
 0260:0AB6       ifexists
 0260:0B23       iferlev
 0260:0B51       shift
 0260:0B84       SkipDelim
 0260:0B98       $call
 0260:0BCC       goto
 0260:0C8E       BATCLOSE
 0260:0CA2       BATOPEN
 0260:0D15       FORPROC
 0260:0E42       $for
 0260:0F99       ForOff
 0260:0FC0       catalog
 0260:130F       Pause
 0260:131C       erase
 0260:1393       badpath_err
 0260:1396       extend_setup
 0260:13A4       crename
 0260:1455       typefil
 0260:1525       volume
 0260:1549       okvolarg
 0260:15C4       set_file_code_page
 0260:15E9       Get_file_code_page_tag
 0260:1605       set_ext_error_msg
 0260:1615       get_ext_error_number
 0260:162C       version
 0260:1635       print_version
 0260:164E       PRINT_PROMPT
 0260:16A2       print_back
 0260:16A8       print_eq
 0260:16AC       print_esc
 0260:16B0       print_g
 0260:16B4       print_l
 0260:16B8       print_b
 0260:16BA       print_char
 0260:16C9       print_drive
 0260:16D3       build_dir_for_prompt
 0260:16FC       build_dir_for_chdir
 0260:170D       build_dir_string
 0260:173C       path
 0260:17E8       cls
 0260:1877       ctty
 0260:191D       chcp
 0260:19B3       truename
 0260:1A35       $EXIT
 0260:1A7F       parse_check_eol
 0260:1A96       parse_with_msg
 0260:1AAA       setup_parse_error_msg
 0260:1ACC       add_prompt
 0260:1AE6       add_name_to_environment
 0260:1BC4       delete_path
 0260:1BE6       find_path
 0260:1BEB       find_prompt
 0260:1BEE       FIND_NAME_IN_environment
 0260:1C4F       move_name
 0260:1C7C       scan_double_null
 0260:1C96       scasb2
 0260:1C9E       TESTKANJ
 0260:1CC8       upconv
 0260:1CEB       store_char
 0260:1D62       restudir1
 0260:1D6F       RestUDir
 0260:1D7C       $chdir
 0260:1DE2       $mkdir
 0260:1E56       $rmdir
 0260:1E91       savudir
 0260:1E94       savudir1
 0260:1EB7       CRLF2
 0260:1EC4       scanoff
 0260:1ECC       delim
 0260:1EE3       fcb_to_ascz
 0260:1F09       strcomp
 0260:1F14       CRPRINT
 0260:1F3C       error_output
 0260:1F56       pathchrcmp
 0260:1F67       pathcrunch
 0260:2060       SWITCH
 0260:2091       DRVBAD
 0260:209A       FNDCOM
 0260:216C       EXTERNAL
 0260:220F       cerror
 0260:2215       PRESCAN
 0260:23A9       setpath
 0260:2427       PGetarg
 0260:2441       IOSET
 0260:2465       TESTDOREIN
 0260:24AD       TESTDOREOUT
 0260:253E       dstrlen
 0260:254C       triageError
 0260:2573       Triage_Init
 0260:2577       move_to_srcbuf
 0260:259E       SINGLETEST
 0260:25B3       SETREST1
 0260:25B5       SETREST
 0260:25BF       PIPEDEL
 0260:25DF       PIPEERRSYN
 0260:2609       PIPEPROCSTRT
 0260:265E       PIPEPROC
 0260:2715       DATINIT
 0260:274D       DATE
 0260:27B7       CTIME
 0260:2838       PipeOff
 0260:2850       PRINT_TIME
 0260:28F3       parseline
 0260:2A1D       argv_calc
 0260:2A29       path_search
 0260:2B91       Store_PChar
 0260:2BA5       Path_Crunch
 0260:2C1A       search
 0260:2C99       Search_Ftype
 0260:2CF4       strip
 0260:2D56       Save_Args
 0260:2DBD       notest2
 0260:2E25       slashp_erase
 0260:2EC9       ECHO
 0260:2F03       CNTRLC
 0260:2F46       VERIFY
 0260:2FBD       PRINT_DATE
 0260:2FD7       GetDate
 0260:300A       COPY
 0260:3235       EndCopy
 0260:3718       TRYFLUSH
 0260:3725       FLSHFIL
 0260:3865       COPERR
 0260:38A9       SETASC
 0260:38C3       BUILDDEST
 0260:3983       BUILDNAME
 0260:39B3       BUILDPATH
 0260:3B06       SETSTARS
 0260:3B22       COMPNAME
 0260:3B36       cparse
 0260:3C92       BADCDERR
 0260:47ED       cmd_parse
 0260:47F1       append_parse
 0260:47F5       printf_init
 0260:47F9       printf_crlf
 0260:4800       std_eprintf
 0260:4808       std_printf
 0260:48F2       TSYSLOADMSG
 0260:48F8       Tsysgetmsg
 0260:49BF       $M_GET_MSG_ADDRESS
 0260:4AE7       SETSTDINON
 0260:4B00       SETSTDINOFF
 0260:4B19       SETSTDOUTON
 0260:4B32       SETSTDOUTOFF
 0260:5128       TranCodeLast
 0260:5849       $M_CLS_8
 0260:589C       $M_MSGSERV_1
 0260:58B0       $M_MSGSERV_2
 0260:58BA       msg_disp_class
 0260:58BB       Msg_Cont_Flag
 0260:58BC       Extend_buf_ptr
 0260:58BE       Extend_buf_sub
 0260:58C1       extend_buf_off
 0260:58C3       Extend_Buf_seg
 0260:58CA       renerr_ptr
 0260:58CD       badcpmes_ptr
 0260:58D0       NOSPACE_PTR
 0260:58D3       ENVERR_PTR
 0260:58D6       FULDIR_PTR
 0260:58D9       BADBAT_PTR
 0260:58DC       NEEDBAT_PTR
 0260:58DF       BadNam_Ptr
 0260:58E2       AccDen_PTR
 0260:58E5       overwr_ptr
 0260:58E8       LOSTERR_ptr
 0260:58EB       inornot_ptr
 0260:58EE       COPIED_ptr
 0260:58FC       Dirmes_ptr
 0260:590A       Bytmes_ptr
 0260:5918       BADDRV_PTR
 0260:591B       CP_not_set_Ptr
 0260:5929       CP_not_all_Ptr
 0260:5937       CP_active_Ptr
 0260:5945       NLSFUNC_Ptr
 0260:5948       inv_code_page
 0260:594B       BadCurDrv
 0260:594E       pausemes_ptr
 0260:5951       BADLAB_PTR
 0260:5954       SYNTMES_PTR
 0260:5957       BADDAT_PTR
 0260:595A       CURDAT_PTR
 0260:596A       curdat_yr
 0260:596C       curdat_mo_day
 0260:5973       WeekTab
 0260:5976       NEWDAT_PTR
 0260:597B       newdat_format
 0260:5984       BADTIM_PTR
 0260:5987       CURTIM_PTR
 0260:598C       curtim_hr_min
 0260:598E       curtim_sec_hn
 0260:5995       NEWTIM_PTR
 0260:5998       DEL_Y_N_PTR
 0260:599B       SUREMES_ptr
 0260:599E       vermes_ptr
 0260:59B7       volmes_ptr_2
 0260:59C5       volmes_ptr
 0260:59DE       volsermes_ptr
 0260:59F7       BadCD_ptr
 0260:59FA       Badmkd_ptr
 0260:59FD       BADRMD_PTR
 0260:5A00       BAD_ON_OFF_ptr
 0260:5A03       dirhead_ptr
 0260:5A11       nulpath_ptr
 0260:5A14       BADPMES_ptr
 0260:5A17       baddev_ptr
 0260:5A1A       fornestmes_ptr
 0260:5A1D       PIPEEMES_PTR
 0260:5A20       INBDEV_ptr
 0260:5A23       ctrlcmes_ptr
 0260:5A31       VERIMES_ptr
 0260:5A3F       ECHOMES_ptr
 0260:5A4D       offmes_ptr
 0260:5A50       onmes_ptr
 0260:5A53       DEVWMES_ptr
 0260:5A56       inval_path_ptr
 0260:5A59       arg_buf_ptr
 0260:5A67       file_name_ptr
 0260:5A75       disp_file_size_ptr
 0260:5A83       string_buf_ptr
 0260:5A92       tab_ptr
 0260:5A95       Dmes_ptr
 0260:5A98       dback_ptr
 0260:5A9B       ACRLF_PTR
 0260:5A9E       usadat_ptr
 0260:5AA1       eurdat_ptr
 0260:5AA4       japdat_ptr
 0260:5AA7       promptdat_ptr
 0260:5AB7       promptdat_yr
 0260:5AB9       promptdat_moday
 0260:5AC0       promtim_ptr
 0260:5AC5       promtim_hr_min
 0260:5AC7       promtim_sec_hn
 0260:5ACE       dirdattim_ptr
 0260:5AD3       dirdat_yr
 0260:5AD5       dirdat_mo_day
 0260:5ADE       dirtim_hr_min
 0260:5AE0       dirtim_sec_hn
 0260:5AE7       MD_exists_ptr
 0260:5AEA       PATH_TEXT
 0260:5AEF       PROMPT_TEXT
 0260:5AF6       comspecstr
 0260:5AFE       clsstring
 0260:5B03       prompt_table
 0260:5B2B       IFTAB
 0260:5B47       COMTAB
 0260:5C60       comext
 0260:5C64       exeext
 0260:5C68       batext
 0260:5C6C       switch_list
 0260:5C71       xa_cp
 0260:5C79       BatBufLen
 0260:5C7B       no_values
 0260:5CA1       slash_p_syn
 0260:5CA4       PARSE_BREAK
 0260:5CC7       parse_chcp
 0260:5CE6       parse_date
 0260:5CF8       parse_time
 0260:5D0A       parse_vol
 0260:5D1C       parse_mrdir
 0260:5D25       parse_chdir
 0260:5D2E       parse_erase
 0260:5D39       parse_dir
 0260:5D4F       dir_w_syn
 0260:5D52       parse_rename
 0260:5D5D       parse_ctty
 0260:5D6F       TRANDATAEND
 0260:5E4B       $M_RT
 0260:5F27       srcxname
 0260:5F7E       trgxname
 0260:5FD5       UCOMBUF
 0260:6058       COMBUF
 0260:60DB       USERDIR1
 0260:6121       EXECPATH
 0260:61A4       RE_INSTR
 0260:61F7       HEADCALL
 0260:61F9       RESSEG
 0260:61FB       TPA
 0260:61FD       SWITCHAR
 0260:61FE       dirchar
 0260:61FF       EXEC_ADDR
 0260:6203       RCH_ADDR
 0260:6209       TRAN_TPA
 0260:620B       CHKDRV
 0260:620C       RDEOF
 0260:620C       IFNOTFLAG
 0260:620C       FILTYP
 0260:620D       CURDRV
 0260:620E       concat_xa
 0260:620F       CONCAT
 0260:620F       PARM1
 0260:6210       ARGC
 0260:6210       PARM2
 0260:6211       COMSW
 0260:6213       ARG1S
 0260:6215       ARG2S
 0260:6215       DESTSWITCH
 0260:6217       ARGTS
 0260:6217       ALLSWITCH
 0260:6219       CFLAG
 0260:621A       SPECDRV
 0260:621A       DestClosed
 0260:621B       BYTCNT
 0260:621D       NXTADD
 0260:621F       FRSTSRCH
 0260:6220       lincnt
 0260:6221       linlen
 0260:6222       filecnt
 0260:6224       charbuf
 0260:6274       IDLEN
 0260:6274       DESTFCB2
 0260:6275       ID
 0260:627D       COM
 0260:6280       DEST
 0260:62A5       DESTNAME
 0260:62B0       DESTFCB
 0260:62B0       destdir
 0260:62F3       EXEFCB
 0260:62F3       GOTOLEN
 0260:62F3       bwdbuf
 0260:62F3       DIRBUF
 0260:6339       SDIRBUF
 0260:6345       bits
 0260:6347       pathcnt
 0260:6349       pathpos
 0260:634B       PATHSW
 0260:634D       fullscr
 0260:634F       comma
 0260:6350       plus_comma
 0260:6351       dirflag
 0260:6352       parse_last
 0260:6354       system_cpage
 0260:6356       src_xa_size
 0260:6358       src_xa_seg
 0260:635A       ext_open_parms
 0260:635A       ext_open_off
 0260:635C       ext_open_seg
 0260:6360       xa_cp_out
 0260:636B       xa_list_attr
 0260:636D       xa_cp_length
 0260:636F       Arg_Buf
 0260:63EF       file_size_low
 0260:63F1       file_size_high
 0260:63F3       string_ptr_2
 0260:63F5       copy_num
 0260:63F7       cpyflag
 0260:63F8       dir_num
 0260:63FA       bytes_free
 0260:63FE       major_ver_num
 0260:6400       minor_ver_num
 0260:6402       one_char_val
 0260:6404       vol_drv
 0260:6405       ROM_CALL
 0260:6406       ROM_IP
 0260:6408       ROM_CS
 0260:640A       DESTVARS
 0260:640A       Destisdir
 0260:640B       DESTSIZ
 0260:640C       Desttail
 0260:640E       destinfo
 0260:640F       DESTBUF
 0260:6466       DESTHAND
 0260:6468       DESTISDEV
 0260:6469       FIRSTDEST
 0260:646A       MELCOPY
 0260:646B       MELSTART
 0260:646D       SRCVARS
 0260:646D       SRCISDIR
 0260:646E       SRCSIZ
 0260:646F       SRCTAIL
 0260:6471       SRCINFO
 0260:6472       srcbuf
 0260:64C9       SRCHAND
 0260:64CB       SRCISDEV
 0260:64CC       SCANBUF
 0260:6523       SRCPT
 0260:6525       INEXACT
 0260:6526       NOWRITE
 0260:6527       BINARY
 0260:6528       WRITTEN
 0260:652A       TERMREAD
 0260:652B       ASCII
 0260:652C       PLUS
 0260:652D       objcnt
 0260:652E       CPDATE
 0260:6530       CPTIME
 0260:6532       BATHAND
 0260:6534       STARTEL
 0260:6536       ELCNT
 0260:6537       ELPOS
 0260:6538       SKPDEL
 0260:6539       SOURCE
 0260:6544       ext_entered
 0260:6545       display_ioctl
 0260:654B       display_mode
 0260:6553       display_width
 0260:6555       linperpag
 0260:6557       vol_ioctl_buf
 0260:6559       vol_serial
 0260:655D       vol_label
 0260:6570       expand_star
 0260:6571       comspec_flag
 0260:6572       msg_flag
 0260:6573       msg_numb
 0260:6575       APPEND_EXEC
 0260:6576       print_err_flag
 0260:6578       Subst_buffer
 0260:658E       KPARSE
 0260:658F       arg
 0260:6AD3       argbufptr
 0260:6AD5       tpbuf
 0260:6B55       last_arg
 0260:6B57       comptr
 0260:6B59       fbuf
 0260:6B84       pathinfo
 0260:6B8A       psep_char
 0260:6B8B       search_best
 0260:6B8C       search_best_buf
 0260:6B99       search_curdir_buf
 0260:6BD9       search_error
 0260:6BDB       if_not_count
 0260:6BDD       zflag
 0260:6CDE       INTERNATVARS
 0260:6CDE       STACK
 0260:6CFE       BatBufPos
 0260:6D00       BatBuf
 0260:6D20       BatBufEnd
 0260:6D22       parse1_type
 0260:6D22       PARSE1_OUTPUT
 0260:6D23       PARSE1_CODE
 0260:6D24       parse1_syn
 0260:6D26       parse1_addr
 0260:6D2A       DATE_TYPE
 0260:6D2A       DATE_OUTPUT
 0260:6D2E       date_year
 0260:6D30       date_month
 0260:6D31       date_day
 0260:6D32       TIME_OUTPUT
 0260:6D32       TIME_TYPE
 0260:6D36       time_hour
 0260:6D37       time_minutes
 0260:6D38       time_seconds
 0260:6D39       time_fraction
 0260:6D3A       DRIVE_TYPE
 0260:6D3A       DRIVE_OUTPUT
 0260:6D3B       DRIVE_VALUE
 0260:6D3E       DRIVE_NUMBER
 0260:6D42       TRANSPACEEND

Program entry point at 0000:0100
