
 Start  Stop   Length Name                   Class
 00000H 02DF3H 02DF4H _TEXT                  CODE
 02DF4H 02DF4H 00000H C_ETEXT                ENDCODE
 02E00H 02E41H 00042H NULL                   BEGDATA
 02E42H 04B05H 01CC4H _DATA                  DATA
 04B06H 04B13H 0000EH CDATA                  DATA
 04B14H 04B14H 00000H XIFB                   DATA
 04B14H 04B14H 00000H XIF                    DATA
 04B14H 04B14H 00000H XIFE                   DATA
 04B14H 04B14H 00000H XIB                    DATA
 04B14H 04B14H 00000H XI                     DATA
 04B14H 04B14H 00000H XIE                    DATA
 04B14H 04B14H 00000H XPB                    DATA
 04B14H 04B15H 00002H XP                     DATA
 04B16H 04B16H 00000H XPE                    DATA
 04B16H 04B16H 00000H XCB                    DATA
 04B16H 04B16H 00000H XC                     DATA
 04B16H 04B16H 00000H XCE                    DATA
 04B16H 04B16H 00000H XCFB                   DATA
 04B16H 04B16H 00000H XCF                    DATA
 04B16H 04B16H 00000H XCFE                   DATA
 04B16H 04B16H 00000H CONST                  CONST
 04B16H 04B1DH 00008H HDR                    MSG
 04B1EH 04BEBH 000CEH MSG                    MSG
 04BECH 04BEDH 00002H PAD                    MSG
 04BEEH 04BEEH 00001H EPAD                   MSG
 04BF0H 04C15H 00026H _BSS                   BSS
 04C16H 04C16H 00000H XOB                    BSS
 04C16H 04C16H 00000H XO                     BSS
 04C16H 04C16H 00000H XOE                    BSS
 04C20H 054D1H 008B2H c_common               BSS
 054E0H 05CDFH 00800H STACK                  STACK

 Origin   Group
 02E0:0   DGROUP

Program entry point at 0000:2D40
